Component: ARM Compiler 5.06 update 7 (build 960) Tool: armlink [4d3601]

==============================================================================

Section Cross References

    startup_stm32l475xx.o(RESET) refers to startup_stm32l475xx.o(STACK) for __initial_sp
    startup_stm32l475xx.o(RESET) refers to startup_stm32l475xx.o(.text) for Reset_Handler
    startup_stm32l475xx.o(RESET) refers to stm32l4xx_it.o(i.NMI_Handler) for NMI_Handler
    startup_stm32l475xx.o(RESET) refers to stm32l4xx_it.o(i.HardFault_Handler) for HardFault_Handler
    startup_stm32l475xx.o(RESET) refers to stm32l4xx_it.o(i.MemManage_Handler) for MemManage_Handler
    startup_stm32l475xx.o(RESET) refers to stm32l4xx_it.o(i.BusFault_Handler) for BusFault_Handler
    startup_stm32l475xx.o(RESET) refers to stm32l4xx_it.o(i.UsageFault_Handler) for UsageFault_Handler
    startup_stm32l475xx.o(RESET) refers to stm32l4xx_it.o(i.SVC_Handler) for SVC_Handler
    startup_stm32l475xx.o(RESET) refers to stm32l4xx_it.o(i.DebugMon_Handler) for DebugMon_Handler
    startup_stm32l475xx.o(RESET) refers to stm32l4xx_it.o(i.PendSV_Handler) for PendSV_Handler
    startup_stm32l475xx.o(RESET) refers to stm32l4xx_it.o(i.SysTick_Handler) for SysTick_Handler
    startup_stm32l475xx.o(RESET) refers to stm32l4xx_it.o(i.DMA1_Channel6_IRQHandler) for DMA1_Channel6_IRQHandler
    startup_stm32l475xx.o(.text) refers to system_stm32l4xx.o(i.SystemInit) for SystemInit
    startup_stm32l475xx.o(.text) refers to entry.o(.ARM.Collect$$$$00000000) for __main
    es_wifi.o(i.AT_ExecuteCommand) refers to strlen.o(.text) for strlen
    es_wifi.o(i.AT_ExecuteCommand) refers to strstr.o(.text) for strstr
    es_wifi.o(i.AT_ParseAP) refers to strtok.o(.text) for strtok
    es_wifi.o(i.AT_ParseAP) refers to strlen.o(.text) for strlen
    es_wifi.o(i.AT_ParseAP) refers to strncpy.o(.text) for strncpy
    es_wifi.o(i.AT_ParseAP) refers to es_wifi.o(i.ParseMAC) for ParseMAC
    es_wifi.o(i.AT_ParseAP) refers to es_wifi.o(i.ParseNumber) for ParseNumber
    es_wifi.o(i.AT_ParseAP) refers to es_wifi.o(i.ParseSecurity) for ParseSecurity
    es_wifi.o(i.AT_ParseConnSettings) refers to strtok.o(.text) for strtok
    es_wifi.o(i.AT_ParseConnSettings) refers to strncpy.o(.text) for strncpy
    es_wifi.o(i.AT_ParseConnSettings) refers to es_wifi.o(i.ParseNumber) for ParseNumber
    es_wifi.o(i.AT_ParseConnSettings) refers to es_wifi.o(i.ParseIP) for ParseIP
    es_wifi.o(i.AT_ParseInfo) refers to strtok.o(.text) for strtok
    es_wifi.o(i.AT_ParseInfo) refers to strncpy.o(.text) for strncpy
    es_wifi.o(i.AT_ParseInfo) refers to es_wifi.o(i.ParseNumber) for ParseNumber
    es_wifi.o(i.AT_ParseSystemConfig) refers to strtok.o(.text) for strtok
    es_wifi.o(i.AT_ParseSystemConfig) refers to es_wifi.o(i.ParseNumber) for ParseNumber
    es_wifi.o(i.AT_ParseSystemConfig) refers to es_wifi.o(i.ParseMAC) for ParseMAC
    es_wifi.o(i.AT_ParseSystemConfig) refers to es_wifi.o(i.ParseIP) for ParseIP
    es_wifi.o(i.AT_RequestReceiveData) refers to strlen.o(.text) for strlen
    es_wifi.o(i.AT_RequestReceiveData) refers to strstr.o(.text) for strstr
    es_wifi.o(i.AT_RequestSendData) refers to strlen.o(.text) for strlen
    es_wifi.o(i.AT_RequestSendData) refers to strstr.o(.text) for strstr
    es_wifi.o(i.ES_WIFI_Connect) refers to printf8.o(i.__0sprintf$8) for __2sprintf
    es_wifi.o(i.ES_WIFI_Connect) refers to es_wifi.o(i.AT_ExecuteCommand) for AT_ExecuteCommand
    es_wifi.o(i.ES_WIFI_DNS_LookUp) refers to printf8.o(i.__0sprintf$8) for __2sprintf
    es_wifi.o(i.ES_WIFI_DNS_LookUp) refers to es_wifi.o(i.AT_ExecuteCommand) for AT_ExecuteCommand
    es_wifi.o(i.ES_WIFI_DNS_LookUp) refers to strtok.o(.text) for strtok
    es_wifi.o(i.ES_WIFI_DNS_LookUp) refers to es_wifi.o(i.ParseIP) for ParseIP
    es_wifi.o(i.ES_WIFI_Disconnect) refers to printf8.o(i.__0sprintf$8) for __2sprintf
    es_wifi.o(i.ES_WIFI_Disconnect) refers to es_wifi.o(i.AT_ExecuteCommand) for AT_ExecuteCommand
    es_wifi.o(i.ES_WIFI_GetAPIRev) refers to strncpy.o(.text) for strncpy
    es_wifi.o(i.ES_WIFI_GetFWRevID) refers to strncpy.o(.text) for strncpy
    es_wifi.o(i.ES_WIFI_GetMACAddress) refers to printf8.o(i.__0sprintf$8) for __2sprintf
    es_wifi.o(i.ES_WIFI_GetMACAddress) refers to es_wifi.o(i.AT_ExecuteCommand) for AT_ExecuteCommand
    es_wifi.o(i.ES_WIFI_GetMACAddress) refers to strtok.o(.text) for strtok
    es_wifi.o(i.ES_WIFI_GetMACAddress) refers to es_wifi.o(i.ParseMAC) for ParseMAC
    es_wifi.o(i.ES_WIFI_GetNetworkSettings) refers to printf8.o(i.__0sprintf$8) for __2sprintf
    es_wifi.o(i.ES_WIFI_GetNetworkSettings) refers to es_wifi.o(i.AT_ExecuteCommand) for AT_ExecuteCommand
    es_wifi.o(i.ES_WIFI_GetNetworkSettings) refers to es_wifi.o(i.AT_ParseConnSettings) for AT_ParseConnSettings
    es_wifi.o(i.ES_WIFI_GetProductID) refers to strncpy.o(.text) for strncpy
    es_wifi.o(i.ES_WIFI_GetProductName) refers to strncpy.o(.text) for strncpy
[...]
    Removing stm32l4xx_hal_uart.o(i.HAL_UART_AbortReceive), (120 bytes).
    Removing stm32l4xx_hal_uart.o(i.HAL_UART_AbortReceiveCpltCallback), (2 bytes).
    Removing stm32l4xx_hal_uart.o(i.HAL_UART_AbortReceive_IT), (148 bytes).
    Removing stm32l4xx_hal_uart.o(i.HAL_UART_AbortTransmit), (90 bytes).
    Removing stm32l4xx_hal_uart.o(i.HAL_UART_AbortTransmitCpltCallback), (2 bytes).
    Removing stm32l4xx_hal_uart.o(i.HAL_UART_AbortTransmit_IT), (112 bytes).
    Removing stm32l4xx_hal_uart.o(i.HAL_UART_Abort_IT), (248 bytes).
    Removing stm32l4xx_hal_uart.o(i.HAL_UART_DMAPause), (124 bytes).
    Removing stm32l4xx_hal_uart.o(i.HAL_UART_DMAResume), (104 bytes).
    Removing stm32l4xx_hal_uart.o(i.HAL_UART_DMAStop), (140 bytes).
    Removing stm32l4xx_hal_uart.o(i.HAL_UART_DeInit), (66 bytes).
    Removing stm32l4xx_hal_uart.o(i.HAL_UART_DisableReceiverTimeout), (84 bytes).
    Removing stm32l4xx_hal_uart.o(i.HAL_UART_EnableReceiverTimeout), (84 bytes).
    Removing stm32l4xx_hal_uart.o(i.HAL_UART_ErrorCallback), (2 bytes).
    Removing stm32l4xx_hal_uart.o(i.HAL_UART_GetError), (6 bytes).
    Removing stm32l4xx_hal_uart.o(i.HAL_UART_GetState), (12 bytes).
    Removing stm32l4xx_hal_uart.o(i.HAL_UART_IRQHandler), (440 bytes).
    Removing stm32l4xx_hal_uart.o(i.HAL_UART_MspDeInit), (2 bytes).
    Removing stm32l4xx_hal_uart.o(i.HAL_UART_MspInit), (2 bytes).
    Removing stm32l4xx_hal_uart.o(i.HAL_UART_Receive), (298 bytes).
    Removing stm32l4xx_hal_uart.o(i.HAL_UART_Receive_DMA), (192 bytes).
    Removing stm32l4xx_hal_uart.o(i.HAL_UART_Receive_IT), (228 bytes).
    Removing stm32l4xx_hal_uart.o(i.HAL_UART_ReceiverTimeout_Config), (28 bytes).
    Removing stm32l4xx_hal_uart.o(i.HAL_UART_RxCpltCallback), (2 bytes).
    Removing stm32l4xx_hal_uart.o(i.HAL_UART_RxHalfCpltCallback), (2 bytes).
    Removing stm32l4xx_hal_uart.o(i.HAL_UART_Transmit_DMA), (180 bytes).
    Removing stm32l4xx_hal_uart.o(i.HAL_UART_Transmit_IT), (120 bytes).
    Removing stm32l4xx_hal_uart.o(i.HAL_UART_TxCpltCallback), (2 bytes).
    Removing stm32l4xx_hal_uart.o(i.HAL_UART_TxHalfCpltCallback), (2 bytes).
    Removing stm32l4xx_hal_uart.o(i.UART_DMAAbortOnError), (24 bytes).
    Removing stm32l4xx_hal_uart.o(i.UART_DMAError), (86 bytes).
    Removing stm32l4xx_hal_uart.o(i.UART_DMAReceiveCplt), (70 bytes).
    Removing stm32l4xx_hal_uart.o(i.UART_DMARxAbortCallback), (70 bytes).
    Removing stm32l4xx_hal_uart.o(i.UART_DMARxHalfCplt), (14 bytes).
    Removing stm32l4xx_hal_uart.o(i.UART_DMARxOnlyAbortCallback), (42 bytes).
    Removing stm32l4xx_hal_uart.o(i.UART_DMATransmitCplt), (56 bytes).
    Removing stm32l4xx_hal_uart.o(i.UART_DMATxAbortCallback), (58 bytes).
    Removing stm32l4xx_hal_uart.o(i.UART_DMATxHalfCplt), (14 bytes).
    Removing stm32l4xx_hal_uart.o(i.UART_DMATxOnlyAbortCallback), (24 bytes).
    Removing stm32l4xx_hal_uart.o(i.UART_EndRxTransfer), (34 bytes).
    Removing stm32l4xx_hal_uart.o(i.UART_EndTransmit_IT), (32 bytes).
    Removing stm32l4xx_hal_uart.o(i.UART_EndTxTransfer), (18 bytes).
    Removing stm32l4xx_hal_uart.o(i.UART_RxISR_16BIT), (106 bytes).
    Removing stm32l4xx_hal_uart.o(i.UART_RxISR_8BIT), (102 bytes).
    Removing stm32l4xx_hal_uart.o(i.UART_TxISR_16BIT), (68 bytes).
    Removing stm32l4xx_hal_uart.o(i.UART_TxISR_8BIT), (64 bytes).
    Removing stm32l4xx_hal_uart_ex.o(.rev16_text), (4 bytes).
    Removing stm32l4xx_hal_uart_ex.o(.revsh_text), (4 bytes).
    Removing stm32l4xx_hal_uart_ex.o(.rrx_text), (6 bytes).
    Removing stm32l4xx_hal_uart_ex.o(i.HAL_MultiProcessorEx_AddressLength_Set), (62 bytes).
    Removing stm32l4xx_hal_uart_ex.o(i.HAL_RS485Ex_Init), (148 bytes).
    Removing stm32l4xx_hal_uart_ex.o(i.HAL_UARTEx_DisableClockStopMode), (50 bytes).
    Removing stm32l4xx_hal_uart_ex.o(i.HAL_UARTEx_DisableStopMode), (50 bytes).
    Removing stm32l4xx_hal_uart_ex.o(i.HAL_UARTEx_EnableClockStopMode), (50 bytes).
    Removing stm32l4xx_hal_uart_ex.o(i.HAL_UARTEx_EnableStopMode), (50 bytes).
    Removing stm32l4xx_hal_uart_ex.o(i.HAL_UARTEx_StopModeWakeUpSourceConfig), (140 bytes).
    Removing stm32l4xx_hal_uart_ex.o(i.HAL_UARTEx_WakeupCallback), (2 bytes).
    Removing stm32l4xx_hal_uart_ex.o(i.UARTEx_Wakeup_AddressConfig), (38 bytes).
    Removing system_stm32l4xx.o(.rev16_text), (4 bytes).
    Removing system_stm32l4xx.o(.revsh_text), (4 bytes).
    Removing system_stm32l4xx.o(.rrx_text), (6 bytes).
    Removing system_stm32l4xx.o(i.SystemCoreClockUpdate), (236 bytes).
    Removing dadd.o(.text), (350 bytes).
    Removing ddiv.o(.text), (222 bytes).
    Removing dfixul.o(.text), (48 bytes).
    Removing cdrcmple.o(.text), (48 bytes).

666 unused section(s) (total 66292 bytes) removed from the image.

==============================================================================

Image Symbol Table

    Local Symbols

    Symbol Name                              Value     Ov Type        Size  Object(Section)

    ../Core/Src/main.c                       0x00000000   Number         0  main.o ABSOLUTE
    ../Core/Src/stm32l4xx_hal_msp.c          0x00000000   Number         0  stm32l4xx_hal_msp.o ABSOLUTE
    ../Core/Src/stm32l4xx_it.c               0x00000000   Number         0  stm32l4xx_it.o ABSOLUTE
    ../Core/Src/system_stm32l4xx.c           0x00000000   Number         0  system_stm32l4xx.o ABSOLUTE
    ../Drivers/STM32L4xx_HAL_Driver/Src/stm32l4xx_hal.c 0x00000000   Number         0  stm32l4xx_hal.o ABSOLUTE
    ../Drivers/STM32L4xx_HAL_Driver/Src/stm32l4xx_hal_cortex.c 0x00000000   Number         0  stm32l4xx_hal_cortex.o ABSOLUTE
    ../Drivers/STM32L4xx_HAL_Driver/Src/stm32l4xx_hal_dma.c 0x00000000   Number         0  stm32l4xx_hal_dma.o ABSOLUTE
    ../Drivers/STM32L4xx_HAL_Driver/Src/stm32l4xx_hal_dma_ex.c 0x00000000   Number         0  stm32l4xx_hal_dma_ex.o ABSOLUTE
    ../Drivers/STM32L4xx_HAL_Driver/Src/stm32l4xx_hal_exti.c 0x00000000   Number         0  stm32l4xx_hal_exti.o ABSOLUTE
    ../Drivers/STM32L4xx_HAL_Driver/Src/stm32l4xx_hal_flash.c 0x00000000   Number         0  stm32l4xx_hal_flash.o ABSOLUTE
    ../Drivers/STM32L4xx_HAL_Driver/Src/stm32l4xx_hal_flash_ex.c 0x00000000   Number         0  stm32l4xx_hal_flash_ex.o ABSOLUTE
    ../Drivers/STM32L4xx_HAL_Driver/Src/stm32l4xx_hal_flash_ramfunc.c 0x00000000   Number         0  stm32l4xx_hal_flash_ramfunc.o ABSOLUTE
    ../Drivers/STM32L4xx_HAL_Driver/Src/stm32l4xx_hal_gpio.c 0x00000000   Number         0  stm32l4xx_hal_gpio.o ABSOLUTE
    ../Drivers/STM32L4xx_HAL_Driver/Src/stm32l4xx_hal_i2c.c 0x00000000   Number         0  stm32l4xx_hal_i2c.o ABSOLUTE
    ../Drivers/STM32L4xx_HAL_Driver/Src/stm32l4xx_hal_i2c_ex.c 0x00000000   Number         0  stm32l4xx_hal_i2c_ex.o ABSOLUTE
    ../Drivers/STM32L4xx_HAL_Driver/Src/stm32l4xx_hal_pwr.c 0x00000000   Number         0  stm32l4xx_hal_pwr.o ABSOLUTE
    ../Drivers/STM32L4xx_HAL_Driver/Src/stm32l4xx_hal_pwr_ex.c 0x00000000   Number         0  stm32l4xx_hal_pwr_ex.o ABSOLUTE
    ../Drivers/STM32L4xx_HAL_Driver/Src/stm32l4xx_hal_rcc.c 0x00000000   Number         0  stm32l4xx_hal_rcc.o ABSOLUTE
    ../Drivers/STM32L4xx_HAL_Driver/Src/stm32l4xx_hal_rcc_ex.c 0x00000000   Number         0  stm32l4xx_hal_rcc_ex.o ABSOLUTE
    ../Drivers/STM32L4xx_HAL_Driver/Src/stm32l4xx_hal_spi.c 0x00000000   Number         0  stm32l4xx_hal_spi.o ABSOLUTE
    ../Drivers/STM32L4xx_HAL_Driver/Src/stm32l4xx_hal_spi_ex.c 0x00000000   Number         0  stm32l4xx_hal_spi_ex.o ABSOLUTE
    ../Drivers/STM32L4xx_HAL_Driver/Src/stm32l4xx_hal_tim.c 0x00000000   Number         0  stm32l4xx_hal_tim.o ABSOLUTE
    ../Drivers/STM32L4xx_HAL_Driver/Src/stm32l4xx_hal_tim_ex.c 0x00000000   Number         0  stm32l4xx_hal_tim_ex.o ABSOLUTE
    ../Drivers/STM32L4xx_HAL_Driver/Src/stm32l4xx_hal_uart.c 0x00000000   Number         0  stm32l4xx_hal_uart.o ABSOLUTE
    ../Drivers/STM32L4xx_HAL_Driver/Src/stm32l4xx_hal_uart_ex.c 0x00000000   Number         0  stm32l4xx_hal_uart_ex.o ABSOLUTE
    ../clib/microlib/division.c              0x00000000   Number         0  uldiv.o ABSOLUTE
    ../clib/microlib/division.c              0x00000000   Number         0  uidiv.o ABSOLUTE
    ../clib/microlib/init/entry.s            0x00000000   Number         0  entry10a.o ABSOLUTE
    ../clib/microlib/init/entry.s            0x00000000   Number         0  entry9b.o ABSOLUTE
    ../clib/microlib/init/entry.s            0x00000000   Number         0  entry9a.o ABSOLUTE
    ../clib/microlib/init/entry.s            0x00000000   Number         0  entry.o ABSOLUTE
    ../clib/microlib/init/entry.s            0x00000000   Number         0  entry8b.o ABSOLUTE
    ../clib/microlib/init/entry.s            0x00000000   Number         0  entry7b.o ABSOLUTE
    ../clib/microlib/init/entry.s            0x00000000   Number         0  entry8a.o ABSOLUTE
    ../clib/microlib/init/entry.s            0x00000000   Number         0  entry12a.o ABSOLUTE
    ../clib/microlib/init/entry.s            0x00000000   Number         0  entry2.o ABSOLUTE
    ../clib/microlib/init/entry.s            0x00000000   Number         0  entry5.o ABSOLUTE
    ../clib/microlib/init/entry.s            0x00000000   Number         0  entry7a.o ABSOLUTE
    ../clib/microlib/init/entry.s            0x00000000   Number         0  entry12b.o ABSOLUTE
    ../clib/microlib/init/entry.s            0x00000000   Number         0  entry11b.o ABSOLUTE
    ../clib/microlib/init/entry.s            0x00000000   Number         0  entry11a.o ABSOLUTE
    ../clib/microlib/init/entry.s            0x00000000   Number         0  entry10b.o ABSOLUTE
    ../clib/microlib/longlong.c              0x00000000   Number         0  llshl.o ABSOLUTE
    ../clib/microlib/longlong.c              0x00000000   Number         0  llsshr.o ABSOLUTE
    ../clib/microlib/longlong.c              0x00000000   Number         0  llushr.o ABSOLUTE
    ../clib/microlib/printf/printf.c         0x00000000   Number         0  printf7.o ABSOLUTE
    ../clib/microlib/printf/printf.c         0x00000000   Number         0  printf1.o ABSOLUTE
    ../clib/microlib/printf/printf.c         0x00000000   Number         0  printf0.o ABSOLUTE
    ../clib/microlib/printf/printf.c         0x00000000   Number         0  printfa.o ABSOLUTE
    ../clib/microlib/printf/printf.c         0x00000000   Number         0  printf2.o ABSOLUTE
    ../clib/microlib/printf/printf.c         0x00000000   Number         0  printf8.o ABSOLUTE
    ../clib/microlib/printf/printf.c         0x00000000   Number         0  printf6.o ABSOLUTE
    ../clib/microlib/printf/printf.c         0x00000000   Number         0  printf4.o ABSOLUTE
    ../clib/microlib/printf/printf.c         0x00000000   Number         0  printf5.o ABSOLUTE
    ../clib/microlib/printf/printf.c         0x00000000   Number         0  printfb.o ABSOLUTE
    ../clib/microlib/printf/printf.c         0x00000000   Number         0  printf3.o ABSOLUTE
    ../clib/microlib/printf/stubs.s          0x00000000   Number         0  stubs.o ABSOLUTE
    ../clib/microlib/stdio/fputc.c           0x00000000   Number         0  fputc.o ABSOLUTE
    ../clib/microlib/stdio/semi.s            0x00000000   Number         0  semi.o ABSOLUTE
    ../clib/microlib/stdio/streams.c         0x00000000   Number         0  stdout.o ABSOLUTE
    ../clib/microlib/string/memcmp.c         0x00000000   Number         0  memcmp.o ABSOLUTE
    ../clib/microlib/string/memset.c         0x00000000   Number         0  memseta.o ABSOLUTE
    ../clib/microlib/string/strlen.c         0x00000000   Number         0  strlen.o ABSOLUTE
    ../clib/microlib/string/strncpy.c        0x00000000   Number         0  strncpy.o ABSOLUTE
    ../clib/microlib/string/strstr.c         0x00000000   Number         0  strstr.o ABSOLUTE
    ../clib/microlib/string/strtok.c         0x00000000   Number         0  strtok_r.o ABSOLUTE
    ../clib/microlib/string/strtok.c         0x00000000   Number         0  strtok.o ABSOLUTE
    ../clib/microlib/stubs.s                 0x00000000   Number         0  iusesemip.o ABSOLUTE
    ../clib/microlib/stubs.s                 0x00000000   Number         0  iusefp.o ABSOLUTE
    ../fplib/microlib/fpadd.c                0x00000000   Number         0  dadd.o ABSOLUTE
    ../fplib/microlib/fpdiv.c                0x00000000   Number         0  ddiv.o ABSOLUTE
    ../fplib/microlib/fpepilogue.c           0x00000000   Number         0  depilogue.o ABSOLUTE
    ../fplib/microlib/fpfix.c                0x00000000   Number         0  dfixul.o ABSOLUTE
    ../fplib/microlib/fpfix.c                0x00000000   Number         0  dfixui.o ABSOLUTE
    ../fplib/microlib/fpflt.c                0x00000000   Number         0  dfltui.o ABSOLUTE
    ../fplib/microlib/fpmul.c                0x00000000   Number         0  dmul.o ABSOLUTE
    ..\Core\Src\es_wifi.c                    0x00000000   Number         0  es_wifi.o ABSOLUTE
    ..\Core\Src\es_wifi_io.c                 0x00000000   Number         0  es_wifi_io.o ABSOLUTE
    ..\Core\Src\main.c                       0x00000000   Number         0  main.o ABSOLUTE
    ..\Core\Src\packet_parser.c              0x00000000   Number         0  packet_parser.o ABSOLUTE
    ..\Core\Src\stm32l4xx_hal_msp.c          0x00000000   Number         0  stm32l4xx_hal_msp.o ABSOLUTE
    ..\Core\Src\stm32l4xx_it.c               0x00000000   Number         0  stm32l4xx_it.o ABSOLUTE
    ..\Core\Src\system_stm32l4xx.c           0x00000000   Number         0  system_stm32l4xx.o ABSOLUTE
    ..\Core\Src\wifi.c                       0x00000000   Number         0  wifi.o ABSOLUTE
    ..\Drivers\STM32L4xx_HAL_Driver\Src\stm32l4xx_hal.c 0x00000000   Number         0  stm32l4xx_hal.o ABSOLUTE
    ..\Drivers\STM32L4xx_HAL_Driver\Src\stm32l4xx_hal_cortex.c 0x00000000   Number         0  stm32l4xx_hal_cortex.o ABSOLUTE
    ..\Drivers\STM32L4xx_HAL_Driver\Src\stm32l4xx_hal_dma.c 0x00000000   Number         0  stm32l4xx_hal_dma.o ABSOLUTE
    ..\Drivers\STM32L4xx_HAL_Driver\Src\stm32l4xx_hal_dma_ex.c 0x00000000   Number         0  stm32l4xx_hal_dma_ex.o ABSOLUTE
    ..\Drivers\STM32L4xx_HAL_Driver\Src\stm32l4xx_hal_exti.c 0x00000000   Number         0  stm32l4xx_hal_exti.o ABSOLUTE
    ..\Drivers\STM32L4xx_HAL_Driver\Src\stm32l4xx_hal_flash.c 0x00000000   Number         0  stm32l4xx_hal_flash.o ABSOLUTE
    ..\Drivers\STM32L4xx_HAL_Driver\Src\stm32l4xx_hal_flash_ex.c 0x00000000   Number         0  stm32l4xx_hal_flash_ex.o ABSOLUTE
    ..\Drivers\STM32L4xx_HAL_Driver\Src\stm32l4xx_hal_flash_ramfunc.c 0x00000000   Number         0  stm32l4xx_hal_flash_ramfunc.o ABSOLUTE
    ..\Drivers\STM32L4xx_HAL_Driver\Src\stm32l4xx_hal_gpio.c 0x00000000   Number         0  stm32l4xx_hal_gpio.o ABSOLUTE
    ..\Drivers\STM32L4xx_HAL_Driver\Src\stm32l4xx_hal_i2c.c 0x00000000   Number         0  stm32l4xx_hal_i2c.o ABSOLUTE
    ..\Drivers\STM32L4xx_HAL_Driver\Src\stm32l4xx_hal_i2c_ex.c 0x00000000   Number         0  stm32l4xx_hal_i2c_ex.o ABSOLUTE
    ..\Drivers\STM32L4xx_HAL_Driver\Src\stm32l4xx_hal_pwr.c 0x00000000   Number         0  stm32l4xx_hal_pwr.o ABSOLUTE
    ..\Drivers\STM32L4xx_HAL_Driver\Src\stm32l4xx_hal_pwr_ex.c 0x00000000   Number         0  stm32l4xx_hal_pwr_ex.o ABSOLUTE
    ..\Drivers\STM32L4xx_HAL_Driver\Src\stm32l4xx_hal_rcc.c 0x00000000   Number         0  stm32l4xx_hal_rcc.o ABSOLUTE
    ..\Drivers\STM32L4xx_HAL_Driver\Src\stm32l4xx_hal_rcc_ex.c 0x00000000   Number         0  stm32l4xx_hal_rcc_ex.o ABSOLUTE
    ..\Drivers\STM32L4xx_HAL_Driver\Src\stm32l4xx_hal_spi.c 0x00000000   Number         0  stm32l4xx_hal_spi.o ABSOLUTE
    ..\Drivers\STM32L4xx_HAL_Driver\Src\stm32l4xx_hal_spi_ex.c 0x00000000   Number         0  stm32l4xx_hal_spi_ex.o ABSOLUTE
    ..\Drivers\STM32L4xx_HAL_Driver\Src\stm32l4xx_hal_tim.c 0x00000000   Number         0  stm32l4xx_hal_tim.o ABSOLUTE
    ..\Drivers\STM32L4xx_HAL_Driver\Src\stm32l4xx_hal_tim_ex.c 0x00000000   Number         0  stm32l4xx_hal_tim_ex.o ABSOLUTE
    ..\Drivers\STM32L4xx_HAL_Driver\Src\stm32l4xx_hal_uart.c 0x00000000   Number         0  stm32l4xx_hal_uart.o ABSOLUTE
    ..\Drivers\STM32L4xx_HAL_Driver\Src\stm32l4xx_hal_uart_ex.c 0x00000000   Number         0  stm32l4xx_hal_uart_ex.o ABSOLUTE
    ..\\Core\\Src\\es_wifi.c                 0x00000000   Number         0  es_wifi.o ABSOLUTE
    ..\\Core\\Src\\es_wifi_io.c              0x00000000   Number         0  es_wifi_io.o ABSOLUTE
    ..\\Core\\Src\\packet_parser.c           0x00000000   Number         0  packet_parser.o ABSOLUTE
    ..\\Core\\Src\\wifi.c                    0x00000000   Number         0  wifi.o ABSOLUTE
    cdrcmple.s                               0x00000000   Number         0  cdrcmple.o ABSOLUTE
    dc.s                                     0x00000000   Number         0  dc.o ABSOLUTE
    handlers.s                               0x00000000   Number         0  handlers.o ABSOLUTE
    init.s                                   0x00000000   Number         0  init.o ABSOLUTE
    startup_stm32l475xx.s                    0x00000000   Number         0  startup_stm32l475xx.o ABSOLUTE
    RESET                                    0x08000000   Section      392  startup_stm32l475xx.o(RESET)
    .ARM.Collect$$$$00000000                 0x08000188   Section        0  entry.o(.ARM.Collect$$$$00000000)
    .ARM.Collect$$$$00000001                 0x08000188   Section        4  entry2.o(.ARM.Collect$$$$00000001)
    .ARM.Collect$$$$00000004                 0x0800018c   Section        4  entry5.o(.ARM.Collect$$$$00000004)
    .ARM.Collect$$$$00000008                 0x08000190   Section        0  entry7b.o(.ARM.Collect$$$$00000008)
    .ARM.Collect$$$$0000000A                 0x08000190   Section        0  entry8b.o(.ARM.Collect$$$$0000000A)
    .ARM.Collect$$$$0000000B                 0x08000190   Section        8  entry9a.o(.ARM.Collect$$$$0000000B)
    .ARM.Collect$$$$0000000E                 0x08000198   Section        4  entry12b.o(.ARM.Collect$$$$0000000E)
    .ARM.Collect$$$$0000000F                 0x0800019c   Section        0  entry10a.o(.ARM.Collect$$$$0000000F)
    .ARM.Collect$$$$00000011                 0x0800019c   Section        0  entry11a.o(.ARM.Collect$$$$00000011)
    .ARM.Collect$$$$00002712                 0x0800019c   Section        4  entry2.o(.ARM.Collect$$$$00002712)
    __lit__00000000                          0x0800019c   Data           4  entry2.o(.ARM.Collect$$$$00002712)
    .text                                    0x080001a0   Section       36  startup_stm32l475xx.o(.text)
    $v0                                      0x080001a0   Number         0  startup_stm32l475xx.o(.text)
    .text                                    0x080001c4   Section        0  uldiv.o(.text)
    .text                                    0x0800022c   Section        0  memseta.o(.text)
    .text                                    0x08000250   Section        0  strstr.o(.text)
    .text                                    0x08000274   Section        0  strncpy.o(.text)
    .text                                    0x0800028c   Section        0  strlen.o(.text)
    .text                                    0x0800029c   Section        0  strtok.o(.text)
    .text                                    0x080002e0   Section        0  dmul.o(.text)
    .text                                    0x080003ca   Section        0  dfltui.o(.text)
    .text                                    0x080003e4   Section        0  dfixui.o(.text)
    .text                                    0x08000416   Section        0  llshl.o(.text)
    .text                                    0x08000434   Section        0  llushr.o(.text)
    .text                                    0x08000454   Section        0  iusefp.o(.text)
    .text                                    0x08000454   Section        0  depilogue.o(.text)
    .text                                    0x08000510   Section       36  init.o(.text)
    i.AT_ExecuteCommand                      0x08000534   Section        0  es_wifi.o(i.AT_ExecuteCommand)
    AT_ExecuteCommand                        0x08000535   Thumb Code   100  es_wifi.o(i.AT_ExecuteCommand)
    i.AT_ParseConnSettings                   0x080005ac   Section        0  es_wifi.o(i.AT_ParseConnSettings)
    AT_ParseConnSettings                     0x080005ad   Thumb Code   226  es_wifi.o(i.AT_ParseConnSettings)
    i.AT_ParseInfo                           0x08000694   Section        0  es_wifi.o(i.AT_ParseInfo)
    AT_ParseInfo                             0x08000695   Thumb Code   172  es_wifi.o(i.AT_ParseInfo)
    i.AT_RequestReceiveData                  0x08000748   Section        0  es_wifi.o(i.AT_RequestReceiveData)
    AT_RequestReceiveData                    0x08000749   Thumb Code   124  es_wifi.o(i.AT_RequestReceiveData)
    i.BusFault_Handler                       0x080007d0   Section        0  stm32l4xx_it.o(i.BusFault_Handler)
    i.DMA1_Channel6_IRQHandler               0x080007d4   Section        0  stm32l4xx_it.o(i.DMA1_Channel6_IRQHandler)
    i.DMA_SetConfig                          0x080007e4   Section        0  stm32l4xx_hal_dma.o(i.DMA_SetConfig)
    DMA_SetConfig                            0x080007e5   Thumb Code    48  stm32l4xx_hal_dma.o(i.DMA_SetConfig)
    i.DebugMon_Handler                       0x08000814   Section        0  stm32l4xx_it.o(i.DebugMon_Handler)
    i.ES_WIFI_Connect                        0x08000818   Section        0  es_wifi.o(i.ES_WIFI_Connect)
    i.ES_WIFI_GetNetworkSettings             0x080008c0   Section        0  es_wifi.o(i.ES_WIFI_GetNetworkSettings)
    i.ES_WIFI_Init                           0x080008f4   Section        0  es_wifi.o(i.ES_WIFI_Init)
    i.ES_WIFI_ReceiveData                    0x08000930   Section        0  es_wifi.o(i.ES_WIFI_ReceiveData)
    i.ES_WIFI_RegisterBusIO                  0x080009f2   Section        0  es_wifi.o(i.ES_WIFI_RegisterBusIO)
    i.ES_WIFI_StartClientConnection          0x08000a20   Section        0  es_wifi.o(i.ES_WIFI_StartClientConnection)
    i.Error_Handler                          0x08000b24   Section        0  main.o(i.Error_Handler)
    i.HAL_DMA_IRQHandler                     0x08000b2a   Section        0  stm32l4xx_hal_dma.o(i.HAL_DMA_IRQHandler)
    i.HAL_DMA_Init                           0x08000c28   Section        0  stm32l4xx_hal_dma.o(i.HAL_DMA_Init)
    i.HAL_DMA_Start_IT                       0x08000d34   Section        0  stm32l4xx_hal_dma.o(i.HAL_DMA_Start_IT)
    i.HAL_Delay                              0x08000dd0   Section        0  stm32l4xx_hal.o(i.HAL_Delay)
    i.HAL_GPIO_DeInit                        0x08000df8   Section        0  stm32l4xx_hal_gpio.o(i.HAL_GPIO_DeInit)
    i.HAL_GPIO_Init                          0x08000f3c   Section        0  stm32l4xx_hal_gpio.o(i.HAL_GPIO_Init)
    i.HAL_GPIO_ReadPin                       0x08001140   Section        0  stm32l4xx_hal_gpio.o(i.HAL_GPIO_ReadPin)
    i.HAL_GPIO_TogglePin                     0x08001150   Section        0  stm32l4xx_hal_gpio.o(i.HAL_GPIO_TogglePin)
    i.HAL_GPIO_WritePin                      0x08001164   Section        0  stm32l4xx_hal_gpio.o(i.HAL_GPIO_WritePin)
    i.HAL_GetTick                            0x08001170   Section        0  stm32l4xx_hal.o(i.HAL_GetTick)
    i.HAL_IncTick                            0x0800117c   Section        0  stm32l4xx_hal.o(i.HAL_IncTick)
    i.HAL_Init                               0x08001194   Section        0  stm32l4xx_hal.o(i.HAL_Init)
    i.HAL_InitTick                           0x080011b4   Section        0  stm32l4xx_hal.o(i.HAL_InitTick)
    i.HAL_MspInit                            0x0800120c   Section        0  stm32l4xx_hal_msp.o(i.HAL_MspInit)
    i.HAL_NVIC_EnableIRQ                     0x0800124c   Section        0  stm32l4xx_hal_cortex.o(i.HAL_NVIC_EnableIRQ)
    i.HAL_NVIC_SetPriority                   0x08001274   Section        0  stm32l4xx_hal_cortex.o(i.HAL_NVIC_SetPriority)
    i.HAL_NVIC_SetPriorityGrouping           0x080012f8   Section        0  stm32l4xx_hal_cortex.o(i.HAL_NVIC_SetPriorityGrouping)
    i.HAL_PWREx_ControlVoltageScaling        0x08001320   Section        0  stm32l4xx_hal_pwr_ex.o(i.HAL_PWREx_ControlVoltageScaling)
    i.HAL_PWREx_GetVoltageRange              0x080013ac   Section        0  stm32l4xx_hal_pwr_ex.o(i.HAL_PWREx_GetVoltageRange)
    i.HAL_RCCEx_PeriphCLKConfig              0x080013bc   Section        0  stm32l4xx_hal_rcc_ex.o(i.HAL_RCCEx_PeriphCLKConfig)
    i.HAL_RCC_ClockConfig                    0x08001890   Section        0  stm32l4xx_hal_rcc.o(i.HAL_RCC_ClockConfig)
    i.HAL_RCC_GetHCLKFreq                    0x08001a0c   Section        0  stm32l4xx_hal_rcc.o(i.HAL_RCC_GetHCLKFreq)
    i.HAL_RCC_GetPCLK1Freq                   0x08001a18   Section        0  stm32l4xx_hal_rcc.o(i.HAL_RCC_GetPCLK1Freq)
    i.HAL_RCC_GetPCLK2Freq                   0x08001a3c   Section        0  stm32l4xx_hal_rcc.o(i.HAL_RCC_GetPCLK2Freq)
    i.HAL_RCC_GetSysClockFreq                0x08001a60   Section        0  stm32l4xx_hal_rcc.o(i.HAL_RCC_GetSysClockFreq)
    i.HAL_RCC_OscConfig                      0x08001b4c   Section        0  stm32l4xx_hal_rcc.o(i.HAL_RCC_OscConfig)
    i.HAL_SPI_DeInit                         0x08002248   Section        0  stm32l4xx_hal_spi.o(i.HAL_SPI_DeInit)
    i.HAL_SPI_Init                           0x0800227e   Section        0  stm32l4xx_hal_spi.o(i.HAL_SPI_Init)
    i.HAL_SPI_MspDeInit                      0x08002370   Section        0  stm32l4xx_hal_msp.o(i.HAL_SPI_MspDeInit)
    i.HAL_SPI_MspInit                        0x080023ac   Section        0  stm32l4xx_hal_msp.o(i.HAL_SPI_MspInit)
    i.HAL_SPI_Receive                        0x08002460   Section        0  stm32l4xx_hal_spi.o(i.HAL_SPI_Receive)
    i.HAL_SPI_Transmit                       0x08002606   Section        0  stm32l4xx_hal_spi.o(i.HAL_SPI_Transmit)
    i.HAL_SPI_TransmitReceive                0x080027f6   Section        0  stm32l4xx_hal_spi.o(i.HAL_SPI_TransmitReceive)
    i.HAL_SYSTICK_Config                     0x08002ab8   Section        0  stm32l4xx_hal_cortex.o(i.HAL_SYSTICK_Config)
    i.HAL_TIMEx_MasterConfigSynchronization  0x08002aec   Section        0  stm32l4xx_hal_tim_ex.o(i.HAL_TIMEx_MasterConfigSynchronization)
    i.HAL_TIM_ErrorCallback                  0x08002bac   Section        0  stm32l4xx_hal_tim.o(i.HAL_TIM_ErrorCallback)
    i.HAL_TIM_MspPostInit                    0x08002bb0   Section        0  stm32l4xx_hal_msp.o(i.HAL_TIM_MspPostInit)
    i.HAL_TIM_PWM_ConfigChannel              0x08002c0c   Section        0  stm32l4xx_hal_tim.o(i.HAL_TIM_PWM_ConfigChannel)
    i.HAL_TIM_PWM_Init                       0x08002d74   Section        0  stm32l4xx_hal_tim.o(i.HAL_TIM_PWM_Init)
    i.HAL_TIM_PWM_MspInit                    0x08002de4   Section        0  stm32l4xx_hal_msp.o(i.HAL_TIM_PWM_MspInit)
    i.HAL_TIM_PWM_PulseFinishedCallback      0x08002e64   Section        0  stm32l4xx_hal_tim.o(i.HAL_TIM_PWM_PulseFinishedCallback)
    i.HAL_TIM_PWM_PulseFinishedHalfCpltCallback 0x08002e66   Section        0  stm32l4xx_hal_tim.o(i.HAL_TIM_PWM_PulseFinishedHalfCpltCallback)
    i.HAL_TIM_PWM_Start_DMA                  0x08002e68   Section        0  stm32l4xx_hal_tim.o(i.HAL_TIM_PWM_Start_DMA)
    i.HAL_UART_Init                          0x08003104   Section        0  stm32l4xx_hal_uart.o(i.HAL_UART_Init)
    i.HAL_UART_MspInit                       0x08003178   Section        0  stm32l4xx_hal_msp.o(i.HAL_UART_MspInit)
    i.HAL_UART_Transmit                      0x080031f0   Section        0  stm32l4xx_hal_uart.o(i.HAL_UART_Transmit)
    i.HardFault_Handler                      0x080032c8   Section        0  stm32l4xx_it.o(i.HardFault_Handler)
    i.MX_DMA_Init                            0x080032cc   Section        0  main.o(i.MX_DMA_Init)
    MX_DMA_Init                              0x080032cd   Thumb Code    48  main.o(i.MX_DMA_Init)
    i.MX_GPIO_Init                           0x08003300   Section        0  main.o(i.MX_GPIO_Init)
    MX_GPIO_Init                             0x08003301   Thumb Code   106  main.o(i.MX_GPIO_Init)
    i.MX_SPI2_Init                           0x08003374   Section        0  main.o(i.MX_SPI2_Init)
    MX_SPI2_Init                             0x08003375   Thumb Code    74  main.o(i.MX_SPI2_Init)
    i.MX_TIM3_Init                           0x080033c8   Section        0  main.o(i.MX_TIM3_Init)
    MX_TIM3_Init                             0x080033c9   Thumb Code   138  main.o(i.MX_TIM3_Init)
    i.MX_USART1_UART_Init                    0x08003468   Section        0  main.o(i.MX_USART1_UART_Init)
    MX_USART1_UART_Init                      0x08003469   Thumb Code    56  main.o(i.MX_USART1_UART_Init)
    i.MemManage_Handler                      0x080034a8   Section        0  stm32l4xx_it.o(i.MemManage_Handler)
    i.NMI_Handler                            0x080034ac   Section        0  stm32l4xx_it.o(i.NMI_Handler)
    i.ParseIP                                0x080034b0   Section        0  es_wifi.o(i.ParseIP)
    ParseIP                                  0x080034b1   Thumb Code    52  es_wifi.o(i.ParseIP)
    i.ParseNumber                            0x080034e4   Section        0  es_wifi.o(i.ParseNumber)
    ParseNumber                              0x080034e5   Thumb Code    68  es_wifi.o(i.ParseNumber)
    i.PendSV_Handler                         0x08003528   Section        0  stm32l4xx_it.o(i.PendSV_Handler)
    i.RCCEx_PLLSAI1_Config                   0x0800352c   Section        0  stm32l4xx_hal_rcc_ex.o(i.RCCEx_PLLSAI1_Config)
    RCCEx_PLLSAI1_Config                     0x0800352d   Thumb Code   378  stm32l4xx_hal_rcc_ex.o(i.RCCEx_PLLSAI1_Config)
    i.RCCEx_PLLSAI2_Config                   0x080036b8   Section        0  stm32l4xx_hal_rcc_ex.o(i.RCCEx_PLLSAI2_Config)
    RCCEx_PLLSAI2_Config                     0x080036b9   Thumb Code   342  stm32l4xx_hal_rcc_ex.o(i.RCCEx_PLLSAI2_Config)
    i.RCC_SetFlashLatencyFromMSIRange        0x0800381c   Section        0  stm32l4xx_hal_rcc.o(i.RCC_SetFlashLatencyFromMSIRange)
    RCC_SetFlashLatencyFromMSIRange          0x0800381d   Thumb Code   148  stm32l4xx_hal_rcc.o(i.RCC_SetFlashLatencyFromMSIRange)
    i.SPI_EndRxTransaction                   0x080038b8   Section        0  stm32l4xx_hal_spi.o(i.SPI_EndRxTransaction)
    SPI_EndRxTransaction                     0x080038b9   Thumb Code   130  stm32l4xx_hal_spi.o(i.SPI_EndRxTransaction)
    i.SPI_EndRxTxTransaction                 0x0800393a   Section        0  stm32l4xx_hal_spi.o(i.SPI_EndRxTxTransaction)
    SPI_EndRxTxTransaction                   0x0800393b   Thumb Code   100  stm32l4xx_hal_spi.o(i.SPI_EndRxTxTransaction)
    i.SPI_WIFI_DeInit                        0x080039a0   Section        0  es_wifi_io.o(i.SPI_WIFI_DeInit)
    i.SPI_WIFI_Delay                         0x080039b0   Section        0  es_wifi_io.o(i.SPI_WIFI_Delay)
    i.SPI_WIFI_Init                          0x080039bc   Section        0  es_wifi_io.o(i.SPI_WIFI_Init)
    i.SPI_WIFI_MspInit                       0x08003ae4   Section        0  es_wifi_io.o(i.SPI_WIFI_MspInit)
    i.SPI_WIFI_ReceiveData                   0x08003c38   Section        0  es_wifi_io.o(i.SPI_WIFI_ReceiveData)
    i.SPI_WIFI_SendData                      0x08003d04   Section        0  es_wifi_io.o(i.SPI_WIFI_SendData)
    i.SPI_WaitFifoStateUntilTimeout          0x08003d7c   Section        0  stm32l4xx_hal_spi.o(i.SPI_WaitFifoStateUntilTimeout)
    SPI_WaitFifoStateUntilTimeout            0x08003d7d   Thumb Code   222  stm32l4xx_hal_spi.o(i.SPI_WaitFifoStateUntilTimeout)
    i.SPI_WaitFlagStateUntilTimeout          0x08003e68   Section        0  stm32l4xx_hal_spi.o(i.SPI_WaitFlagStateUntilTimeout)
    SPI_WaitFlagStateUntilTimeout            0x08003e69   Thumb Code   210  stm32l4xx_hal_spi.o(i.SPI_WaitFlagStateUntilTimeout)
    i.SVC_Handler                            0x08003f46   Section        0  stm32l4xx_it.o(i.SVC_Handler)
    i.SysTick_Handler                        0x08003f48   Section        0  stm32l4xx_it.o(i.SysTick_Handler)
    i.SystemClock_Config                     0x08003f50   Section        0  main.o(i.SystemClock_Config)
    i.SystemInit                             0x08003fe4   Section        0  system_stm32l4xx.o(i.SystemInit)
    i.TIM_Base_SetConfig                     0x08004034   Section        0  stm32l4xx_hal_tim.o(i.TIM_Base_SetConfig)
    i.TIM_CCxChannelCmd                      0x08004100   Section        0  stm32l4xx_hal_tim.o(i.TIM_CCxChannelCmd)
    i.TIM_DMADelayPulseCplt                  0x08004122   Section        0  stm32l4xx_hal_tim.o(i.TIM_DMADelayPulseCplt)
    TIM_DMADelayPulseCplt                    0x08004123   Thumb Code   104  stm32l4xx_hal_tim.o(i.TIM_DMADelayPulseCplt)
    i.TIM_DMADelayPulseHalfCplt              0x0800418a   Section        0  stm32l4xx_hal_tim.o(i.TIM_DMADelayPulseHalfCplt)
    i.TIM_DMAError                           0x080041ca   Section        0  stm32l4xx_hal_tim.o(i.TIM_DMAError)
    i.TIM_OC1_SetConfig                      0x08004228   Section        0  stm32l4xx_hal_tim.o(i.TIM_OC1_SetConfig)
    TIM_OC1_SetConfig                        0x08004229   Thumb Code   146  stm32l4xx_hal_tim.o(i.TIM_OC1_SetConfig)
    i.TIM_OC2_SetConfig                      0x080042d4   Section        0  stm32l4xx_hal_tim.o(i.TIM_OC2_SetConfig)
    i.TIM_OC3_SetConfig                      0x08004388   Section        0  stm32l4xx_hal_tim.o(i.TIM_OC3_SetConfig)
    TIM_OC3_SetConfig                        0x08004389   Thumb Code   154  stm32l4xx_hal_tim.o(i.TIM_OC3_SetConfig)
    i.TIM_OC4_SetConfig                      0x0800443c   Section        0  stm32l4xx_hal_tim.o(i.TIM_OC4_SetConfig)
    TIM_OC4_SetConfig                        0x0800443d   Thumb Code    92  stm32l4xx_hal_tim.o(i.TIM_OC4_SetConfig)
    i.TIM_OC5_SetConfig                      0x080044b0   Section        0  stm32l4xx_hal_tim.o(i.TIM_OC5_SetConfig)
    TIM_OC5_SetConfig                        0x080044b1   Thumb Code    86  stm32l4xx_hal_tim.o(i.TIM_OC5_SetConfig)
    i.TIM_OC6_SetConfig                      0x08004520   Section        0  stm32l4xx_hal_tim.o(i.TIM_OC6_SetConfig)
    TIM_OC6_SetConfig                        0x08004521   Thumb Code    88  stm32l4xx_hal_tim.o(i.TIM_OC6_SetConfig)
    i.UART_AdvFeatureConfig                  0x08004590   Section        0  stm32l4xx_hal_uart.o(i.UART_AdvFeatureConfig)
    i.UART_CheckIdleState                    0x08004688   Section        0  stm32l4xx_hal_uart.o(i.UART_CheckIdleState)
    i.UART_SetConfig                         0x080046f8   Section        0  stm32l4xx_hal_uart.o(i.UART_SetConfig)
    i.UART_WaitOnFlagUntilTimeout            0x08004a76   Section        0  stm32l4xx_hal_uart.o(i.UART_WaitOnFlagUntilTimeout)
    i.UsageFault_Handler                     0x08004b2a   Section        0  stm32l4xx_it.o(i.UsageFault_Handler)
    i.WIFI_Connect                           0x08004b30   Section        0  wifi.o(i.WIFI_Connect)
    i.WIFI_GetIP_Address                     0x08004b60   Section        0  wifi.o(i.WIFI_GetIP_Address)
    i.WIFI_Init                              0x08004b7c   Section        0  wifi.o(i.WIFI_Init)
    i.WIFI_OpenClientConnection              0x08004bbc   Section        0  wifi.o(i.WIFI_OpenClientConnection)
    i.WIFI_ReceiveData                       0x08004c20   Section        0  wifi.o(i.WIFI_ReceiveData)
    i.__0sprintf$8                           0x08004c54   Section        0  printf8.o(i.__0sprintf$8)
    i.__NVIC_GetPriorityGrouping             0x08004c7c   Section        0  stm32l4xx_hal_cortex.o(i.__NVIC_GetPriorityGrouping)
    __NVIC_GetPriorityGrouping               0x08004c7d   Thumb Code    10  stm32l4xx_hal_cortex.o(i.__NVIC_GetPriorityGrouping)
    i.__NVIC_SetPriority                     0x08004c8c   Section        0  stm32l4xx_hal_cortex.o(i.__NVIC_SetPriority)
    __NVIC_SetPriority                       0x08004c8d   Thumb Code    32  stm32l4xx_hal_cortex.o(i.__NVIC_SetPriority)
    i.__scatterload_copy                     0x08004cb4   Section       14  handlers.o(i.__scatterload_copy)
    i.__scatterload_null                     0x08004cc2   Section        2  handlers.o(i.__scatterload_null)
    i.__scatterload_zeroinit                 0x08004cc4   Section       14  handlers.o(i.__scatterload_zeroinit)
    i._printf_core                           0x08004cd4   Section        0  printf8.o(i._printf_core)
    _printf_core                             0x08004cd5   Thumb Code   984  printf8.o(i._printf_core)
    i._printf_post_padding                   0x080050de   Section        0  printf8.o(i._printf_post_padding)
    _printf_post_padding                     0x080050df   Thumb Code    36  printf8.o(i._printf_post_padding)
    i._printf_pre_padding                    0x08005102   Section        0  printf8.o(i._printf_pre_padding)
    _printf_pre_padding                      0x08005103   Thumb Code    46  printf8.o(i._printf_pre_padding)
    i._sputc                                 0x08005130   Section        0  printf8.o(i._sputc)
    _sputc                                   0x08005131   Thumb Code    10  printf8.o(i._sputc)
    i.convert_to_16                          0x0800513a   Section        0  packet_parser.o(i.convert_to_16)
    i.convert_to_32                          0x08005142   Section        0  packet_parser.o(i.convert_to_32)
    i.main                                   0x08005164   Section        0  main.o(i.main)
    i.parse_packet                           0x0800539c   Section        0  packet_parser.o(i.parse_packet)
    i.setLEDcolor                            0x08005428   Section        0  main.o(i.setLEDcolor)
    i.setWHOLEcolor                          0x080054c8   Section        0  main.o(i.setWHOLEcolor)
    .constdata                               0x080054e8   Section        4  main.o(.constdata)
    .constdata                               0x080054ec   Section       72  system_stm32l4xx.o(.constdata)
    .data                                    0x20000000   Section      228  main.o(.data)
    .data                                    0x200000e4   Section        9  stm32l4xx_hal.o(.data)
    .data                                    0x200000f0   Section        4  system_stm32l4xx.o(.data)
    .data                                    0x200000f4   Section        4  strtok.o(.data)
    state                                    0x200000f4   Data           4  strtok.o(.data)
    .bss                                     0x200000f8   Section      100  es_wifi_io.o(.bss)
    .bss                                     0x2000015c   Section     1704  wifi.o(.bss)
    .bss                                     0x20000804   Section     3445  main.o(.bss)
    LEDbuffer                                0x2000097c   Data        2541  main.o(.bss)
    STACK                                    0x20001580   Section     1024  startup_stm32l475xx.o(STACK)

    Global Symbols

    Symbol Name                              Value     Ov Type        Size  Object(Section)

    BuildAttributes$$THM_ISAv4$E$P$D$K$B$S$7EM$VFPi3$EXTD16$VFPS$VFMA$PE$A:L22UL41UL21$X:L11$S22US41US21$IEEE1$IW$USESV6$~STKCKD$USESV7$~SHL$OSPACE$ROPI$EBA8$MICROLIB$REQ8$PRES8$EABIv2 0x00000000   Number         0  anon$$obj.o ABSOLUTE
    __ARM_use_no_argv                        0x00000000   Number         0  main.o ABSOLUTE
    _printf_a                                0x00000000   Number         0  stubs.o ABSOLUTE
    _printf_c                                0x00000000   Number         0  stubs.o ABSOLUTE
    _printf_charcount                        0x00000000   Number         0  stubs.o ABSOLUTE
    _printf_d                                0x00000000   Number         0  stubs.o ABSOLUTE
    _printf_e                                0x00000000   Number         0  stubs.o ABSOLUTE
    _printf_f                                0x00000000   Number         0  stubs.o ABSOLUTE
    _printf_flags                            0x00000000   Number         0  stubs.o ABSOLUTE
    _printf_fp_dec                           0x00000000   Number         0  stubs.o ABSOLUTE
    _printf_fp_hex                           0x00000000   Number         0  stubs.o ABSOLUTE
    _printf_g                                0x00000000   Number         0  stubs.o ABSOLUTE
    _printf_i                                0x00000000   Number         0  stubs.o ABSOLUTE
    _printf_int_dec                          0x00000000   Number         0  stubs.o ABSOLUTE
    _printf_l                                0x00000000   Number         0  stubs.o ABSOLUTE
    _printf_lc                               0x00000000   Number         0  stubs.o ABSOLUTE
    _printf_ll                               0x00000000   Number         0  stubs.o ABSOLUTE
    _printf_lld                              0x00000000   Number         0  stubs.o ABSOLUTE
    _printf_lli                              0x00000000   Number         0  stubs.o ABSOLUTE
    _printf_llo                              0x00000000   Number         0  stubs.o ABSOLUTE
    _printf_llu                              0x00000000   Number         0  stubs.o ABSOLUTE
    _printf_llx                              0x00000000   Number         0  stubs.o ABSOLUTE
    _printf_longlong_dec                     0x00000000   Number         0  stubs.o ABSOLUTE
    _printf_longlong_hex                     0x00000000   Number         0  stubs.o ABSOLUTE
    _printf_longlong_oct                     0x00000000   Number         0  stubs.o ABSOLUTE
    _printf_ls                               0x00000000   Number         0  stubs.o ABSOLUTE
    _printf_mbtowc                           0x00000000   Number         0  stubs.o ABSOLUTE
    _printf_n                                0x00000000   Number         0  stubs.o ABSOLUTE
    _printf_o                                0x00000000   Number         0  stubs.o ABSOLUTE
    _printf_p                                0x00000000   Number         0  stubs.o ABSOLUTE
    _printf_percent                          0x00000000   Number         0  stubs.o ABSOLUTE
    _printf_pre_padding                      0x00000000   Number         0  stubs.o ABSOLUTE
    _printf_return_value                     0x00000000   Number         0  stubs.o ABSOLUTE
    _printf_s                                0x00000000   Number         0  stubs.o ABSOLUTE
    _printf_sizespec                         0x00000000   Number         0  stubs.o ABSOLUTE
    _printf_str                              0x00000000   Number         0  stubs.o ABSOLUTE
    _printf_truncate_signed                  0x00000000   Number         0  stubs.o ABSOLUTE
    _printf_truncate_unsigned                0x00000000   Number         0  stubs.o ABSOLUTE
    _printf_u                                0x00000000   Number         0  stubs.o ABSOLUTE
    _printf_wc                               0x00000000   Number         0  stubs.o ABSOLUTE
    _printf_wctomb                           0x00000000   Number         0  stubs.o ABSOLUTE
    _printf_widthprec                        0x00000000   Number         0  stubs.o ABSOLUTE
    _printf_x                                0x00000000   Number         0  stubs.o ABSOLUTE
    __arm_fini_                               - Undefined Weak Reference
    __cpp_initialize__aeabi_                  - Undefined Weak Reference
    __cxa_finalize                            - Undefined Weak Reference
    __decompress                              - Undefined Weak Reference
    _clock_init                               - Undefined Weak Reference
    _microlib_exit                            - Undefined Weak Reference
    __Vectors_Size                           0x00000188   Number         0  startup_stm32l475xx.o ABSOLUTE
    __Vectors                                0x08000000   Data           4  startup_stm32l475xx.o(RESET)
    __Vectors_End                            0x08000188   Data           0  startup_stm32l475xx.o(RESET)
    __main                                   0x08000189   Thumb Code     0  entry.o(.ARM.Collect$$$$00000000)
    _main_stk                                0x08000189   Thumb Code     0  entry2.o(.ARM.Collect$$$$00000001)
    _main_scatterload                        0x0800018d   Thumb Code     0  entry5.o(.ARM.Collect$$$$00000004)
    __main_after_scatterload                 0x08000191   Thumb Code     0  entry5.o(.ARM.Collect$$$$00000004)
    _main_clock                              0x08000191   Thumb Code     0  entry7b.o(.ARM.Collect$$$$00000008)
    _main_cpp_init                           0x08000191   Thumb Code     0  entry8b.o(.ARM.Collect$$$$0000000A)
    _main_init                               0x08000191   Thumb Code     0  entry9a.o(.ARM.Collect$$$$0000000B)
    __rt_lib_shutdown_fini                   0x08000199   Thumb Code     0  entry12b.o(.ARM.Collect$$$$0000000E)
    __rt_final_cpp                           0x0800019d   Thumb Code     0  entry10a.o(.ARM.Collect$$$$0000000F)
    __rt_final_exit                          0x0800019d   Thumb Code     0  entry11a.o(.ARM.Collect$$$$00000011)
    Reset_Handler                            0x080001a1   Thumb Code     8  startup_stm32l475xx.o(.text)
    ADC1_2_IRQHandler                        0x080001bb   Thumb Code     0  startup_stm32l475xx.o(.text)
    ADC3_IRQHandler                          0x080001bb   Thumb Code     0  startup_stm32l475xx.o(.text)
    CAN1_RX0_IRQHandler                      0x080001bb   Thumb Code     0  startup_stm32l475xx.o(.text)
    CAN1_RX1_IRQHandler                      0x080001bb   Thumb Code     0  startup_stm32l475xx.o(.text)
    CAN1_SCE_IRQHandler                      0x080001bb   Thumb Code     0  startup_stm32l475xx.o(.text)
    CAN1_TX_IRQHandler                       0x080001bb   Thumb Code     0  startup_stm32l475xx.o(.text)
    COMP_IRQHandler                          0x080001bb   Thumb Code     0  startup_stm32l475xx.o(.text)
    DFSDM1_FLT0_IRQHandler                   0x080001bb   Thumb Code     0  startup_stm32l475xx.o(.text)
    DFSDM1_FLT1_IRQHandler                   0x080001bb   Thumb Code     0  startup_stm32l475xx.o(.text)
    DFSDM1_FLT2_IRQHandler                   0x080001bb   Thumb Code     0  startup_stm32l475xx.o(.text)
    DFSDM1_FLT3_IRQHandler                   0x080001bb   Thumb Code     0  startup_stm32l475xx.o(.text)
    DMA1_Channel1_IRQHandler                 0x080001bb   Thumb Code     0  startup_stm32l475xx.o(.text)
    DMA1_Channel2_IRQHandler                 0x080001bb   Thumb Code     0  startup_stm32l475xx.o(.text)
    DMA1_Channel3_IRQHandler                 0x080001bb   Thumb Code     0  startup_stm32l475xx.o(.text)
    DMA1_Channel4_IRQHandler                 0x080001bb   Thumb Code     0  startup_stm32l475xx.o(.text)
    DMA1_Channel5_IRQHandler                 0x080001bb   Thumb Code     0  startup_stm32l475xx.o(.text)
    DMA1_Channel7_IRQHandler                 0x080001bb   Thumb Code     0  startup_stm32l475xx.o(.text)
    DMA2_Channel1_IRQHandler                 0x080001bb   Thumb Code     0  startup_stm32l475xx.o(.text)
    DMA2_Channel2_IRQHandler                 0x080001bb   Thumb Code     0  startup_stm32l475xx.o(.text)
    DMA2_Channel3_IRQHandler                 0x080001bb   Thumb Code     0  startup_stm32l475xx.o(.text)
    DMA2_Channel4_IRQHandler                 0x080001bb   Thumb Code     0  startup_stm32l475xx.o(.text)
    DMA2_Channel5_IRQHandler                 0x080001bb   Thumb Code     0  startup_stm32l475xx.o(.text)
    DMA2_Channel6_IRQHandler                 0x080001bb   Thumb Code     0  startup_stm32l475xx.o(.text)
    DMA2_Channel7_IRQHandler                 0x080001bb   Thumb Code     0  startup_stm32l475xx.o(.text)
    EXTI0_IRQHandler                         0x080001bb   Thumb Code     0  startup_stm32l475xx.o(.text)
    EXTI15_10_IRQHandler                     0x080001bb   Thumb Code     0  startup_stm32l475xx.o(.text)
    EXTI1_IRQHandler                         0x080001bb   Thumb Code     0  startup_stm32l475xx.o(.text)
    EXTI2_IRQHandler                         0x080001bb   Thumb Code     0  startup_stm32l475xx.o(.text)
    EXTI3_IRQHandler                         0x080001bb   Thumb Code     0  startup_stm32l475xx.o(.text)
    EXTI4_IRQHandler                         0x080001bb   Thumb Code     0  startup_stm32l475xx.o(.text)
    EXTI9_5_IRQHandler                       0x080001bb   Thumb Code     0  startup_stm32l475xx.o(.text)
    FLASH_IRQHandler                         0x080001bb   Thumb Code     0  startup_stm32l475xx.o(.text)
    FMC_IRQHandler                           0x080001bb   Thumb Code     0  startup_stm32l475xx.o(.text)
    FPU_IRQHandler                           0x080001bb   Thumb Code     0  startup_stm32l475xx.o(.text)
    I2C1_ER_IRQHandler                       0x080001bb   Thumb Code     0  startup_stm32l475xx.o(.text)
    I2C1_EV_IRQHandler                       0x080001bb   Thumb Code     0  startup_stm32l475xx.o(.text)
    I2C2_ER_IRQHandler                       0x080001bb   Thumb Code     0  startup_stm32l475xx.o(.text)
    I2C2_EV_IRQHandler                       0x080001bb   Thumb Code     0  startup_stm32l475xx.o(.text)
    I2C3_ER_IRQHandler                       0x080001bb   Thumb Code     0  startup_stm32l475xx.o(.text)
    I2C3_EV_IRQHandler                       0x080001bb   Thumb Code     0  startup_stm32l475xx.o(.text)
    LPTIM1_IRQHandler                        0x080001bb   Thumb Code     0  startup_stm32l475xx.o(.text)
    LPTIM2_IRQHandler                        0x080001bb   Thumb Code     0  startup_stm32l475xx.o(.text)
    LPUART1_IRQHandler                       0x080001bb   Thumb Code     0  startup_stm32l475xx.o(.text)
    OTG_FS_IRQHandler                        0x080001bb   Thumb Code     0  startup_stm32l475xx.o(.text)
    PVD_PVM_IRQHandler                       0x080001bb   Thumb Code     0  startup_stm32l475xx.o(.text)
    QUADSPI_IRQHandler                       0x080001bb   Thumb Code     0  startup_stm32l475xx.o(.text)
    RCC_IRQHandler                           0x080001bb   Thumb Code     0  startup_stm32l475xx.o(.text)
    RNG_IRQHandler                           0x080001bb   Thumb Code     0  startup_stm32l475xx.o(.text)
    RTC_Alarm_IRQHandler                     0x080001bb   Thumb Code     0  startup_stm32l475xx.o(.text)
    RTC_WKUP_IRQHandler                      0x080001bb   Thumb Code     0  startup_stm32l475xx.o(.text)
    SAI1_IRQHandler                          0x080001bb   Thumb Code     0  startup_stm32l475xx.o(.text)
    SAI2_IRQHandler                          0x080001bb   Thumb Code     0  startup_stm32l475xx.o(.text)
    SDMMC1_IRQHandler                        0x080001bb   Thumb Code     0  startup_stm32l475xx.o(.text)
    SPI1_IRQHandler                          0x080001bb   Thumb Code     0  startup_stm32l475xx.o(.text)
    SPI2_IRQHandler                          0x080001bb   Thumb Code     0  startup_stm32l475xx.o(.text)
    SPI3_IRQHandler                          0x080001bb   Thumb Code     0  startup_stm32l475xx.o(.text)
    SWPMI1_IRQHandler                        0x080001bb   Thumb Code     0  startup_stm32l475xx.o(.text)
    TAMP_STAMP_IRQHandler                    0x080001bb   Thumb Code     0  startup_stm32l475xx.o(.text)
    TIM1_BRK_TIM15_IRQHandler                0x080001bb   Thumb Code     0  startup_stm32l475xx.o(.text)
    TIM1_CC_IRQHandler                       0x080001bb   Thumb Code     0  startup_stm32l475xx.o(.text)
    TIM1_TRG_COM_TIM17_IRQHandler            0x080001bb   Thumb Code     0  startup_stm32l475xx.o(.text)
    TIM1_UP_TIM16_IRQHandler                 0x080001bb   Thumb Code     0  startup_stm32l475xx.o(.text)
    TIM2_IRQHandler                          0x080001bb   Thumb Code     0  startup_stm32l475xx.o(.text)
    TIM3_IRQHandler                          0x080001bb   Thumb Code     0  startup_stm32l475xx.o(.text)
    TIM4_IRQHandler                          0x080001bb   Thumb Code     0  startup_stm32l475xx.o(.text)
    TIM5_IRQHandler                          0x080001bb   Thumb Code     0  startup_stm32l475xx.o(.text)
    TIM6_DAC_IRQHandler                      0x080001bb   Thumb Code     0  startup_stm32l475xx.o(.text)
    TIM7_IRQHandler                          0x080001bb   Thumb Code     0  startup_stm32l475xx.o(.text)
    TIM8_BRK_IRQHandler                      0x080001bb   Thumb Code     0  startup_stm32l475xx.o(.text)
    TIM8_CC_IRQHandler                       0x080001bb   Thumb Code     0  startup_stm32l475xx.o(.text)
    TIM8_TRG_COM_IRQHandler                  0x080001bb   Thumb Code     0  startup_stm32l475xx.o(.text)
    TIM8_UP_IRQHandler                       0x080001bb   Thumb Code     0  startup_stm32l475xx.o(.text)
    TSC_IRQHandler                           0x080001bb   Thumb Code     0  startup_stm32l475xx.o(.text)
    UART4_IRQHandler                         0x080001bb   Thumb Code     0  startup_stm32l475xx.o(.text)
    UART5_IRQHandler                         0x080001bb   Thumb Code     0  startup_stm32l475xx.o(.text)
    USART1_IRQHandler                        0x080001bb   Thumb Code     0  startup_stm32l475xx.o(.text)
    USART2_IRQHandler                        0x080001bb   Thumb Code     0  startup_stm32l475xx.o(.text)
    USART3_IRQHandler                        0x080001bb   Thumb Code     0  startup_stm32l475xx.o(.text)
    WWDG_IRQHandler                          0x080001bb   Thumb Code     0  startup_stm32l475xx.o(.text)
    __aeabi_uldivmod                         0x080001c5   Thumb Code    98  uldiv.o(.text)
    __aeabi_memset                           0x0800022d   Thumb Code    14  memseta.o(.text)
    __aeabi_memset4                          0x0800022d   Thumb Code     0  memseta.o(.text)
    __aeabi_memset8                          0x0800022d   Thumb Code     0  memseta.o(.text)
    __aeabi_memclr                           0x0800023b   Thumb Code     4  memseta.o(.text)
    __aeabi_memclr4                          0x0800023b   Thumb Code     0  memseta.o(.text)
    __aeabi_memclr8                          0x0800023b   Thumb Code     0  memseta.o(.text)
    _memset$wrapper                          0x0800023f   Thumb Code    18  memseta.o(.text)
    strstr                                   0x08000251   Thumb Code    36  strstr.o(.text)
    strncpy                                  0x08000275   Thumb Code    24  strncpy.o(.text)
    strlen                                   0x0800028d   Thumb Code    14  strlen.o(.text)
    strtok                                   0x0800029d   Thumb Code    62  strtok.o(.text)
    __aeabi_dmul                             0x080002e1   Thumb Code   228  dmul.o(.text)
    __aeabi_ui2d                             0x080003cb   Thumb Code    26  dfltui.o(.text)
    __aeabi_d2uiz                            0x080003e5   Thumb Code    50  dfixui.o(.text)
    __aeabi_llsl                             0x08000417   Thumb Code    30  llshl.o(.text)
    _ll_shift_l                              0x08000417   Thumb Code     0  llshl.o(.text)
    __aeabi_llsr                             0x08000435   Thumb Code    32  llushr.o(.text)
    _ll_ushift_r                             0x08000435   Thumb Code     0  llushr.o(.text)
    __I$use$fp                               0x08000455   Thumb Code     0  iusefp.o(.text)
    _double_round                            0x08000455   Thumb Code    30  depilogue.o(.text)
    _double_epilogue                         0x08000473   Thumb Code   156  depilogue.o(.text)
    __scatterload                            0x08000511   Thumb Code    28  init.o(.text)
    __scatterload_rt2                        0x08000511   Thumb Code     0  init.o(.text)
    BusFault_Handler                         0x080007d1   Thumb Code     4  stm32l4xx_it.o(i.BusFault_Handler)
    DMA1_Channel6_IRQHandler                 0x080007d5   Thumb Code    10  stm32l4xx_it.o(i.DMA1_Channel6_IRQHandler)
    DebugMon_Handler                         0x08000815   Thumb Code     2  stm32l4xx_it.o(i.DebugMon_Handler)
    ES_WIFI_Connect                          0x08000819   Thumb Code   140  es_wifi.o(i.ES_WIFI_Connect)
    ES_WIFI_GetNetworkSettings               0x080008c1   Thumb Code    46  es_wifi.o(i.ES_WIFI_GetNetworkSettings)
    ES_WIFI_Init                             0x080008f5   Thumb Code    52  es_wifi.o(i.ES_WIFI_Init)
    ES_WIFI_ReceiveData                      0x08000931   Thumb Code   154  es_wifi.o(i.ES_WIFI_ReceiveData)
    ES_WIFI_RegisterBusIO                    0x080009f3   Thumb Code    46  es_wifi.o(i.ES_WIFI_RegisterBusIO)
    ES_WIFI_StartClientConnection            0x08000a21   Thumb Code   202  es_wifi.o(i.ES_WIFI_StartClientConnection)
    Error_Handler                            0x08000b25   Thumb Code     6  main.o(i.Error_Handler)
    HAL_DMA_IRQHandler                       0x08000b2b   Thumb Code   254  stm32l4xx_hal_dma.o(i.HAL_DMA_IRQHandler)
    HAL_DMA_Init                             0x08000c29   Thumb Code   258  stm32l4xx_hal_dma.o(i.HAL_DMA_Init)
    HAL_DMA_Start_IT                         0x08000d35   Thumb Code   156  stm32l4xx_hal_dma.o(i.HAL_DMA_Start_IT)
    HAL_Delay                                0x08000dd1   Thumb Code    36  stm32l4xx_hal.o(i.HAL_Delay)
    HAL_GPIO_DeInit                          0x08000df9   Thumb Code   292  stm32l4xx_hal_gpio.o(i.HAL_GPIO_DeInit)
    HAL_GPIO_Init                            0x08000f3d   Thumb Code   480  stm32l4xx_hal_gpio.o(i.HAL_GPIO_Init)
    HAL_GPIO_ReadPin                         0x08001141   Thumb Code    16  stm32l4xx_hal_gpio.o(i.HAL_GPIO_ReadPin)
    HAL_GPIO_TogglePin                       0x08001151   Thumb Code    20  stm32l4xx_hal_gpio.o(i.HAL_GPIO_TogglePin)
    HAL_GPIO_WritePin                        0x08001165   Thumb Code    10  stm32l4xx_hal_gpio.o(i.HAL_GPIO_WritePin)
    HAL_GetTick                              0x08001171   Thumb Code     6  stm32l4xx_hal.o(i.HAL_GetTick)
    HAL_IncTick                              0x0800117d   Thumb Code    16  stm32l4xx_hal.o(i.HAL_IncTick)
    HAL_Init                                 0x08001195   Thumb Code    30  stm32l4xx_hal.o(i.HAL_Init)
    HAL_InitTick                             0x080011b5   Thumb Code    74  stm32l4xx_hal.o(i.HAL_InitTick)
    HAL_MspInit                              0x0800120d   Thumb Code    58  stm32l4xx_hal_msp.o(i.HAL_MspInit)
    HAL_NVIC_EnableIRQ                       0x0800124d   Thumb Code    40  stm32l4xx_hal_cortex.o(i.HAL_NVIC_EnableIRQ)
    HAL_NVIC_SetPriority                     0x08001275   Thumb Code   124  stm32l4xx_hal_cortex.o(i.HAL_NVIC_SetPriority)
    HAL_NVIC_SetPriorityGrouping             0x080012f9   Thumb Code    32  stm32l4xx_hal_cortex.o(i.HAL_NVIC_SetPriorityGrouping)
    HAL_PWREx_ControlVoltageScaling          0x08001321   Thumb Code   128  stm32l4xx_hal_pwr_ex.o(i.HAL_PWREx_ControlVoltageScaling)
    HAL_PWREx_GetVoltageRange                0x080013ad   Thumb Code    10  stm32l4xx_hal_pwr_ex.o(i.HAL_PWREx_GetVoltageRange)
    HAL_RCCEx_PeriphCLKConfig                0x080013bd   Thumb Code  1230  stm32l4xx_hal_rcc_ex.o(i.HAL_RCCEx_PeriphCLKConfig)
    HAL_RCC_ClockConfig                      0x08001891   Thumb Code   360  stm32l4xx_hal_rcc.o(i.HAL_RCC_ClockConfig)
    HAL_RCC_GetHCLKFreq                      0x08001a0d   Thumb Code     6  stm32l4xx_hal_rcc.o(i.HAL_RCC_GetHCLKFreq)
    HAL_RCC_GetPCLK1Freq                     0x08001a19   Thumb Code    26  stm32l4xx_hal_rcc.o(i.HAL_RCC_GetPCLK1Freq)
    HAL_RCC_GetPCLK2Freq                     0x08001a3d   Thumb Code    26  stm32l4xx_hal_rcc.o(i.HAL_RCC_GetPCLK2Freq)
    HAL_RCC_GetSysClockFreq                  0x08001a61   Thumb Code   220  stm32l4xx_hal_rcc.o(i.HAL_RCC_GetSysClockFreq)
    HAL_RCC_OscConfig                        0x08001b4d   Thumb Code  1772  stm32l4xx_hal_rcc.o(i.HAL_RCC_OscConfig)
    HAL_SPI_DeInit                           0x08002249   Thumb Code    54  stm32l4xx_hal_spi.o(i.HAL_SPI_DeInit)
    HAL_SPI_Init                             0x0800227f   Thumb Code   240  stm32l4xx_hal_spi.o(i.HAL_SPI_Init)
    HAL_SPI_MspDeInit                        0x08002371   Thumb Code    44  stm32l4xx_hal_msp.o(i.HAL_SPI_MspDeInit)
    HAL_SPI_MspInit                          0x080023ad   Thumb Code   164  stm32l4xx_hal_msp.o(i.HAL_SPI_MspInit)
    HAL_SPI_Receive                          0x08002461   Thumb Code   422  stm32l4xx_hal_spi.o(i.HAL_SPI_Receive)
    HAL_SPI_Transmit                         0x08002607   Thumb Code   490  stm32l4xx_hal_spi.o(i.HAL_SPI_Transmit)
    HAL_SPI_TransmitReceive                  0x080027f7   Thumb Code   700  stm32l4xx_hal_spi.o(i.HAL_SPI_TransmitReceive)
    HAL_SYSTICK_Config                       0x08002ab9   Thumb Code    52  stm32l4xx_hal_cortex.o(i.HAL_SYSTICK_Config)
    HAL_TIMEx_MasterConfigSynchronization    0x08002aed   Thumb Code   166  stm32l4xx_hal_tim_ex.o(i.HAL_TIMEx_MasterConfigSynchronization)
    HAL_TIM_ErrorCallback                    0x08002bad   Thumb Code     2  stm32l4xx_hal_tim.o(i.HAL_TIM_ErrorCallback)
    HAL_TIM_MspPostInit                      0x08002bb1   Thumb Code    80  stm32l4xx_hal_msp.o(i.HAL_TIM_MspPostInit)
    HAL_TIM_PWM_ConfigChannel                0x08002c0d   Thumb Code   360  stm32l4xx_hal_tim.o(i.HAL_TIM_PWM_ConfigChannel)
    HAL_TIM_PWM_Init                         0x08002d75   Thumb Code   110  stm32l4xx_hal_tim.o(i.HAL_TIM_PWM_Init)
    HAL_TIM_PWM_MspInit                      0x08002de5   Thumb Code   112  stm32l4xx_hal_msp.o(i.HAL_TIM_PWM_MspInit)
    HAL_TIM_PWM_PulseFinishedCallback        0x08002e65   Thumb Code     2  stm32l4xx_hal_tim.o(i.HAL_TIM_PWM_PulseFinishedCallback)
    HAL_TIM_PWM_PulseFinishedHalfCpltCallback 0x08002e67   Thumb Code     2  stm32l4xx_hal_tim.o(i.HAL_TIM_PWM_PulseFinishedHalfCpltCallback)
    HAL_TIM_PWM_Start_DMA                    0x08002e69   Thumb Code   620  stm32l4xx_hal_tim.o(i.HAL_TIM_PWM_Start_DMA)
    HAL_UART_Init                            0x08003105   Thumb Code   116  stm32l4xx_hal_uart.o(i.HAL_UART_Init)
    HAL_UART_MspInit                         0x08003179   Thumb Code   108  stm32l4xx_hal_msp.o(i.HAL_UART_MspInit)
    HAL_UART_Transmit                        0x080031f1   Thumb Code   210  stm32l4xx_hal_uart.o(i.HAL_UART_Transmit)
    HardFault_Handler                        0x080032c9   Thumb Code     4  stm32l4xx_it.o(i.HardFault_Handler)
    MemManage_Handler                        0x080034a9   Thumb Code     4  stm32l4xx_it.o(i.MemManage_Handler)
    NMI_Handler                              0x080034ad   Thumb Code     4  stm32l4xx_it.o(i.NMI_Handler)
    PendSV_Handler                           0x08003529   Thumb Code     2  stm32l4xx_it.o(i.PendSV_Handler)
    SPI_WIFI_DeInit                          0x080039a1   Thumb Code    12  es_wifi_io.o(i.SPI_WIFI_DeInit)
    SPI_WIFI_Delay                           0x080039b1   Thumb Code    12  es_wifi_io.o(i.SPI_WIFI_Delay)
    SPI_WIFI_Init                            0x080039bd   Thumb Code   282  es_wifi_io.o(i.SPI_WIFI_Init)
    SPI_WIFI_MspInit                         0x08003ae5   Thumb Code   320  es_wifi_io.o(i.SPI_WIFI_MspInit)
    SPI_WIFI_ReceiveData                     0x08003c39   Thumb Code   196  es_wifi_io.o(i.SPI_WIFI_ReceiveData)
    SPI_WIFI_SendData                        0x08003d05   Thumb Code   110  es_wifi_io.o(i.SPI_WIFI_SendData)
    SVC_Handler                              0x08003f47   Thumb Code     2  stm32l4xx_it.o(i.SVC_Handler)
    SysTick_Handler                          0x08003f49   Thumb Code     8  stm32l4xx_it.o(i.SysTick_Handler)
    SystemClock_Config                       0x08003f51   Thumb Code   148  main.o(i.SystemClock_Config)
    SystemInit                               0x08003fe5   Thumb Code    68  system_stm32l4xx.o(i.SystemInit)
    TIM_Base_SetConfig                       0x08004035   Thumb Code   170  stm32l4xx_hal_tim.o(i.TIM_Base_SetConfig)
    TIM_CCxChannelCmd                        0x08004101   Thumb Code    34  stm32l4xx_hal_tim.o(i.TIM_CCxChannelCmd)
    TIM_DMADelayPulseHalfCplt                0x0800418b   Thumb Code    64  stm32l4xx_hal_tim.o(i.TIM_DMADelayPulseHalfCplt)
    TIM_DMAError                             0x080041cb   Thumb Code    94  stm32l4xx_hal_tim.o(i.TIM_DMAError)
    TIM_OC2_SetConfig                        0x080042d5   Thumb Code   156  stm32l4xx_hal_tim.o(i.TIM_OC2_SetConfig)
    UART_AdvFeatureConfig                    0x08004591   Thumb Code   248  stm32l4xx_hal_uart.o(i.UART_AdvFeatureConfig)
    UART_CheckIdleState                      0x08004689   Thumb Code   110  stm32l4xx_hal_uart.o(i.UART_CheckIdleState)
    UART_SetConfig                           0x080046f9   Thumb Code   852  stm32l4xx_hal_uart.o(i.UART_SetConfig)
    UART_WaitOnFlagUntilTimeout              0x08004a77   Thumb Code   180  stm32l4xx_hal_uart.o(i.UART_WaitOnFlagUntilTimeout)
    UsageFault_Handler                       0x08004b2b   Thumb Code     4  stm32l4xx_it.o(i.UsageFault_Handler)
    WIFI_Connect                             0x08004b31   Thumb Code    42  wifi.o(i.WIFI_Connect)
    WIFI_GetIP_Address                       0x08004b61   Thumb Code    24  wifi.o(i.WIFI_GetIP_Address)
    WIFI_Init                                0x08004b7d   Thumb Code    40  wifi.o(i.WIFI_Init)
    WIFI_OpenClientConnection                0x08004bbd   Thumb Code    94  wifi.o(i.WIFI_OpenClientConnection)
    WIFI_ReceiveData                         0x08004c21   Thumb Code    48  wifi.o(i.WIFI_ReceiveData)
    __0sprintf$8                             0x08004c55   Thumb Code    34  printf8.o(i.__0sprintf$8)
    __1sprintf$8                             0x08004c55   Thumb Code     0  printf8.o(i.__0sprintf$8)
    __2sprintf                               0x08004c55   Thumb Code     0  printf8.o(i.__0sprintf$8)
    __scatterload_copy                       0x08004cb5   Thumb Code    14  handlers.o(i.__scatterload_copy)
    __scatterload_null                       0x08004cc3   Thumb Code     2  handlers.o(i.__scatterload_null)
    __scatterload_zeroinit                   0x08004cc5   Thumb Code    14  handlers.o(i.__scatterload_zeroinit)
    convert_to_16                            0x0800513b   Thumb Code     8  packet_parser.o(i.convert_to_16)
    convert_to_32                            0x08005143   Thumb Code    32  packet_parser.o(i.convert_to_32)
    main                                     0x08005165   Thumb Code   456  main.o(i.main)
    parse_packet                             0x0800539d   Thumb Code   140  packet_parser.o(i.parse_packet)
    setLEDcolor                              0x08005429   Thumb Code   154  main.o(i.setLEDcolor)
    setWHOLEcolor                            0x080054c9   Thumb Code    32  main.o(i.setWHOLEcolor)
    RemoteIP                                 0x080054e8   Data           4  main.o(.constdata)
    AHBPrescTable                            0x080054ec   Data          16  system_stm32l4xx.o(.constdata)
    APBPrescTable                            0x080054fc   Data           8  system_stm32l4xx.o(.constdata)
    MSIRangeTable                            0x08005504   Data          48  system_stm32l4xx.o(.constdata)
    Region$$Table$$Base                      0x08005534   Number         0  anon$$obj.o(Region$$Table)
    Region$$Table$$Limit                     0x08005554   Number         0  anon$$obj.o(Region$$Table)
    MAC_Addr                                 0x20000000   Data           6  main.o(.data)
    IP_Addr                                  0x20000006   Data           4  main.o(.data)
    success1                                 0x2000000a   Data          16  main.o(.data)
    success2                                 0x2000001a   Data          20  main.o(.data)
    success3                                 0x2000002e   Data          14  main.o(.data)
    success4                                 0x2000003c   Data          19  main.o(.data)
    success5                                 0x2000004f   Data          20  main.o(.data)
    success6                                 0x20000063   Data          20  main.o(.data)
    failed1                                  0x20000077   Data          16  main.o(.data)
    failed2                                  0x20000087   Data          20  main.o(.data)
    failed3                                  0x2000009b   Data          14  main.o(.data)
    failed4                                  0x200000a9   Data          19  main.o(.data)
    failed5                                  0x200000bc   Data          20  main.o(.data)
    failed6                                  0x200000d0   Data          20  main.o(.data)
    uwTick                                   0x200000e4   Data           4  stm32l4xx_hal.o(.data)
    uwTickPrio                               0x200000e8   Data           4  stm32l4xx_hal.o(.data)
    uwTickFreq                               0x200000ec   Data           1  stm32l4xx_hal.o(.data)
    SystemCoreClock                          0x200000f0   Data           4  system_stm32l4xx.o(.data)
    hspi                                     0x200000f8   Data         100  es_wifi_io.o(.bss)
    EsWifiObj                                0x2000015c   Data        1704  wifi.o(.bss)
    hspi2                                    0x20000804   Data         100  main.o(.bss)
    htim3                                    0x20000868   Data          76  main.o(.bss)
    hdma_tim3_ch1_trig                       0x200008b4   Data          72  main.o(.bss)
    huart1                                   0x200008fc   Data         128  main.o(.bss)
    RxData                                   0x20001369   Data         500  main.o(.bss)
    modulestr                                0x2000155d   Data          28  main.o(.bss)
    __initial_sp                             0x20001980   Data           0  startup_stm32l475xx.o(STACK)



==============================================================================

Memory Map of the image

  Image Entry point : 0x08000189

  Load Region LR_IROM1 (Base: 0x08000000, Size: 0x0000564c, Max: 0x00100000, ABSOLUTE)

    Execution Region ER_IROM1 (Exec base: 0x08000000, Load base: 0x08000000, Size: 0x00005554, Max: 0x00100000, ABSOLUTE)

    Exec Addr    Load Addr    Size         Type   Attr      Idx    E Section Name        Object

    0x08000000   0x08000000   0x00000188   Data   RO            3    RESET               startup_stm32l475xx.o
    0x08000188   0x08000188   0x00000000   Code   RO         4722  * .ARM.Collect$$$$00000000  mc_w.l(entry.o)
    0x08000188   0x08000188   0x00000004   Code   RO         5010    .ARM.Collect$$$$00000001  mc_w.l(entry2.o)
    0x0800018c   0x0800018c   0x00000004   Code   RO         5013    .ARM.Collect$$$$00000004  mc_w.l(entry5.o)
    0x08000190   0x08000190   0x00000000   Code   RO         5015    .ARM.Collect$$$$00000008  mc_w.l(entry7b.o)
    0x08000190   0x08000190   0x00000000   Code   RO         5017    .ARM.Collect$$$$0000000A  mc_w.l(entry8b.o)
    0x08000190   0x08000190   0x00000008   Code   RO         5018    .ARM.Collect$$$$0000000B  mc_w.l(entry9a.o)
    0x08000198   0x08000198   0x00000004   Code   RO         5025    .ARM.Collect$$$$0000000E  mc_w.l(entry12b.o)
    0x0800019c   0x0800019c   0x00000000   Code   RO         5020    .ARM.Collect$$$$0000000F  mc_w.l(entry10a.o)
    0x0800019c   0x0800019c   0x00000000   Code   RO         5022    .ARM.Collect$$$$00000011  mc_w.l(entry11a.o)
    0x0800019c   0x0800019c   0x00000004   Code   RO         5011    .ARM.Collect$$$$00002712  mc_w.l(entry2.o)
    0x080001a0   0x080001a0   0x00000024   Code   RO            4    .text               startup_stm32l475xx.o
    0x080001c4   0x080001c4   0x00000068   Code   RO         4725    .text               mc_w.l(uldiv.o)
    0x0800022c   0x0800022c   0x00000024   Code   RO         4727    .text               mc_w.l(memseta.o)
    0x08000250   0x08000250   0x00000024   Code   RO         4729    .text               mc_w.l(strstr.o)
    0x08000274   0x08000274   0x00000018   Code   RO         4731    .text               mc_w.l(strncpy.o)
    0x0800028c   0x0800028c   0x0000000e   Code   RO         4733    .text               mc_w.l(strlen.o)
    0x0800029a   0x0800029a   0x00000002   PAD
    0x0800029c   0x0800029c   0x00000044   Code   RO         4737    .text               mc_w.l(strtok.o)
    0x080002e0   0x080002e0   0x000000ea   Code   RO         5004    .text               mf_w.l(dmul.o)
    0x080003ca   0x080003ca   0x0000001a   Code   RO         5006    .text               mf_w.l(dfltui.o)
    0x080003e4   0x080003e4   0x00000032   Code   RO         5008    .text               mf_w.l(dfixui.o)
    0x08000416   0x08000416   0x0000001e   Code   RO         5031    .text               mc_w.l(llshl.o)
    0x08000434   0x08000434   0x00000020   Code   RO         5033    .text               mc_w.l(llushr.o)
    0x08000454   0x08000454   0x00000000   Code   RO         5035    .text               mc_w.l(iusefp.o)
    0x08000454   0x08000454   0x000000ba   Code   RO         5036    .text               mf_w.l(depilogue.o)
    0x0800050e   0x0800050e   0x00000002   PAD
    0x08000510   0x08000510   0x00000024   Code   RO         5046    .text               mc_w.l(init.o)
    0x08000534   0x08000534   0x00000078   Code   RO           13    i.AT_ExecuteCommand  es_wifi.o
    0x080005ac   0x080005ac   0x000000e8   Code   RO           15    i.AT_ParseConnSettings  es_wifi.o
    0x08000694   0x08000694   0x000000b4   Code   RO           16    i.AT_ParseInfo      es_wifi.o
    0x08000748   0x08000748   0x00000088   Code   RO           18    i.AT_RequestReceiveData  es_wifi.o
    0x080007d0   0x080007d0   0x00000004   Code   RO          739    i.BusFault_Handler  stm32l4xx_it.o
    0x080007d4   0x080007d4   0x00000010   Code   RO          740    i.DMA1_Channel6_IRQHandler  stm32l4xx_it.o
    0x080007e4   0x080007e4   0x00000030   Code   RO         2535    i.DMA_SetConfig     stm32l4xx_hal_dma.o
    0x08000814   0x08000814   0x00000002   Code   RO          741    i.DebugMon_Handler  stm32l4xx_it.o
    0x08000816   0x08000816   0x00000002   PAD
    0x08000818   0x08000818   0x000000a8   Code   RO           20    i.ES_WIFI_Connect   es_wifi.o
    0x080008c0   0x080008c0   0x00000034   Code   RO           27    i.ES_WIFI_GetNetworkSettings  es_wifi.o
    0x080008f4   0x080008f4   0x0000003c   Code   RO           33    i.ES_WIFI_Init      es_wifi.o
    0x08000930   0x08000930   0x000000c2   Code   RO           37    i.ES_WIFI_ReceiveData  es_wifi.o
    0x080009f2   0x080009f2   0x0000002e   Code   RO           38    i.ES_WIFI_RegisterBusIO  es_wifi.o
    0x08000a20   0x08000a20   0x00000104   Code   RO           45    i.ES_WIFI_StartClientConnection  es_wifi.o
    0x08000b24   0x08000b24   0x00000006   Code   RO          651    i.Error_Handler     main.o
    0x08000b2a   0x08000b2a   0x000000fe   Code   RO         2541    i.HAL_DMA_IRQHandler  stm32l4xx_hal_dma.o
    0x08000c28   0x08000c28   0x0000010c   Code   RO         2542    i.HAL_DMA_Init      stm32l4xx_hal_dma.o
    0x08000d34   0x08000d34   0x0000009c   Code   RO         2546    i.HAL_DMA_Start_IT  stm32l4xx_hal_dma.o
    0x08000dd0   0x08000dd0   0x00000028   Code   RO         1246    i.HAL_Delay         stm32l4xx_hal.o
    0x08000df8   0x08000df8   0x00000144   Code   RO         2469    i.HAL_GPIO_DeInit   stm32l4xx_hal_gpio.o
    0x08000f3c   0x08000f3c   0x00000204   Code   RO         2472    i.HAL_GPIO_Init     stm32l4xx_hal_gpio.o
    0x08001140   0x08001140   0x00000010   Code   RO         2474    i.HAL_GPIO_ReadPin  stm32l4xx_hal_gpio.o
    0x08001150   0x08001150   0x00000014   Code   RO         2475    i.HAL_GPIO_TogglePin  stm32l4xx_hal_gpio.o
    0x08001164   0x08001164   0x0000000a   Code   RO         2476    i.HAL_GPIO_WritePin  stm32l4xx_hal_gpio.o
    0x0800116e   0x0800116e   0x00000002   PAD
    0x08001170   0x08001170   0x0000000c   Code   RO         1250    i.HAL_GetTick       stm32l4xx_hal.o
    0x0800117c   0x0800117c   0x00000018   Code   RO         1256    i.HAL_IncTick       stm32l4xx_hal.o
    0x08001194   0x08001194   0x0000001e   Code   RO         1257    i.HAL_Init          stm32l4xx_hal.o
    0x080011b2   0x080011b2   0x00000002   PAD
    0x080011b4   0x080011b4   0x00000058   Code   RO         1258    i.HAL_InitTick      stm32l4xx_hal.o
    0x0800120c   0x0800120c   0x00000040   Code   RO          821    i.HAL_MspInit       stm32l4xx_hal_msp.o
    0x0800124c   0x0800124c   0x00000028   Code   RO         3019    i.HAL_NVIC_EnableIRQ  stm32l4xx_hal_cortex.o
    0x08001274   0x08001274   0x00000082   Code   RO         3025    i.HAL_NVIC_SetPriority  stm32l4xx_hal_cortex.o
    0x080012f6   0x080012f6   0x00000002   PAD
    0x080012f8   0x080012f8   0x00000028   Code   RO         3026    i.HAL_NVIC_SetPriorityGrouping  stm32l4xx_hal_cortex.o
    0x08001320   0x08001320   0x0000008c   Code   RO         2763    i.HAL_PWREx_ControlVoltageScaling  stm32l4xx_hal_pwr_ex.o
    0x080013ac   0x080013ac   0x00000010   Code   RO         2794    i.HAL_PWREx_GetVoltageRange  stm32l4xx_hal_pwr_ex.o
    0x080013bc   0x080013bc   0x000004d4   Code   RO         2105    i.HAL_RCCEx_PeriphCLKConfig  stm32l4xx_hal_rcc_ex.o
    0x08001890   0x08001890   0x0000017c   Code   RO         1990    i.HAL_RCC_ClockConfig  stm32l4xx_hal_rcc.o
    0x08001a0c   0x08001a0c   0x0000000c   Code   RO         1994    i.HAL_RCC_GetHCLKFreq  stm32l4xx_hal_rcc.o
    0x08001a18   0x08001a18   0x00000024   Code   RO         1996    i.HAL_RCC_GetPCLK1Freq  stm32l4xx_hal_rcc.o
    0x08001a3c   0x08001a3c   0x00000024   Code   RO         1997    i.HAL_RCC_GetPCLK2Freq  stm32l4xx_hal_rcc.o
    0x08001a60   0x08001a60   0x000000ec   Code   RO         1998    i.HAL_RCC_GetSysClockFreq  stm32l4xx_hal_rcc.o
    0x08001b4c   0x08001b4c   0x000006fc   Code   RO         2001    i.HAL_RCC_OscConfig  stm32l4xx_hal_rcc.o
    0x08002248   0x08002248   0x00000036   Code   RO          894    i.HAL_SPI_DeInit    stm32l4xx_hal_spi.o
    0x0800227e   0x0800227e   0x000000f0   Code   RO          899    i.HAL_SPI_Init      stm32l4xx_hal_spi.o
    0x0800236e   0x0800236e   0x00000002   PAD
    0x08002370   0x08002370   0x0000003c   Code   RO          822    i.HAL_SPI_MspDeInit  stm32l4xx_hal_msp.o
    0x080023ac   0x080023ac   0x000000b4   Code   RO          823    i.HAL_SPI_MspInit   stm32l4xx_hal_msp.o
    0x08002460   0x08002460   0x000001a6   Code   RO          902    i.HAL_SPI_Receive   stm32l4xx_hal_spi.o
    0x08002606   0x08002606   0x000001f0   Code   RO          907    i.HAL_SPI_Transmit  stm32l4xx_hal_spi.o
    0x080027f6   0x080027f6   0x000002c2   Code   RO          908    i.HAL_SPI_TransmitReceive  stm32l4xx_hal_spi.o
    0x08002ab8   0x08002ab8   0x00000034   Code   RO         3030    i.HAL_SYSTICK_Config  stm32l4xx_hal_cortex.o
    0x08002aec   0x08002aec   0x000000c0   Code   RO         3975    i.HAL_TIMEx_MasterConfigSynchronization  stm32l4xx_hal_tim_ex.o
    0x08002bac   0x08002bac   0x00000002   Code   RO         3258    i.HAL_TIM_ErrorCallback  stm32l4xx_hal_tim.o
    0x08002bae   0x08002bae   0x00000002   PAD
    0x08002bb0   0x08002bb0   0x0000005c   Code   RO          824    i.HAL_TIM_MspPostInit  stm32l4xx_hal_msp.o
    0x08002c0c   0x08002c0c   0x00000168   Code   RO         3300    i.HAL_TIM_PWM_ConfigChannel  stm32l4xx_hal_tim.o
    0x08002d74   0x08002d74   0x0000006e   Code   RO         3303    i.HAL_TIM_PWM_Init  stm32l4xx_hal_tim.o
    0x08002de2   0x08002de2   0x00000002   PAD
    0x08002de4   0x08002de4   0x00000080   Code   RO          826    i.HAL_TIM_PWM_MspInit  stm32l4xx_hal_msp.o
    0x08002e64   0x08002e64   0x00000002   Code   RO         3306    i.HAL_TIM_PWM_PulseFinishedCallback  stm32l4xx_hal_tim.o
    0x08002e66   0x08002e66   0x00000002   Code   RO         3307    i.HAL_TIM_PWM_PulseFinishedHalfCpltCallback  stm32l4xx_hal_tim.o
    0x08002e68   0x08002e68   0x0000029c   Code   RO         3309    i.HAL_TIM_PWM_Start_DMA  stm32l4xx_hal_tim.o
    0x08003104   0x08003104   0x00000074   Code   RO         4266    i.HAL_UART_Init     stm32l4xx_hal_uart.o
    0x08003178   0x08003178   0x00000078   Code   RO          828    i.HAL_UART_MspInit  stm32l4xx_hal_msp.o
    0x080031f0   0x080031f0   0x000000d8   Code   RO         4275    i.HAL_UART_Transmit  stm32l4xx_hal_uart.o
    0x080032c8   0x080032c8   0x00000004   Code   RO          742    i.HardFault_Handler  stm32l4xx_it.o
    0x080032cc   0x080032cc   0x00000034   Code   RO          652    i.MX_DMA_Init       main.o
    0x08003300   0x08003300   0x00000074   Code   RO          653    i.MX_GPIO_Init      main.o
    0x08003374   0x08003374   0x00000054   Code   RO          654    i.MX_SPI2_Init      main.o
    0x080033c8   0x080033c8   0x000000a0   Code   RO          655    i.MX_TIM3_Init      main.o
    0x08003468   0x08003468   0x00000040   Code   RO          656    i.MX_USART1_UART_Init  main.o
    0x080034a8   0x080034a8   0x00000004   Code   RO          743    i.MemManage_Handler  stm32l4xx_it.o
    0x080034ac   0x080034ac   0x00000004   Code   RO          744    i.NMI_Handler       stm32l4xx_it.o
    0x080034b0   0x080034b0   0x00000034   Code   RO           53    i.ParseIP           es_wifi.o
    0x080034e4   0x080034e4   0x00000044   Code   RO           55    i.ParseNumber       es_wifi.o
    0x08003528   0x08003528   0x00000002   Code   RO          745    i.PendSV_Handler    stm32l4xx_it.o
    0x0800352a   0x0800352a   0x00000002   PAD
    0x0800352c   0x0800352c   0x0000018c   Code   RO         2109    i.RCCEx_PLLSAI1_Config  stm32l4xx_hal_rcc_ex.o
    0x080036b8   0x080036b8   0x00000164   Code   RO         2110    i.RCCEx_PLLSAI2_Config  stm32l4xx_hal_rcc_ex.o
    0x0800381c   0x0800381c   0x0000009c   Code   RO         2002    i.RCC_SetFlashLatencyFromMSIRange  stm32l4xx_hal_rcc.o
    0x080038b8   0x080038b8   0x00000082   Code   RO          936    i.SPI_EndRxTransaction  stm32l4xx_hal_spi.o
    0x0800393a   0x0800393a   0x00000064   Code   RO          937    i.SPI_EndRxTxTransaction  stm32l4xx_hal_spi.o
    0x0800399e   0x0800399e   0x00000002   PAD
    0x080039a0   0x080039a0   0x00000010   Code   RO          409    i.SPI_WIFI_DeInit   es_wifi_io.o
    0x080039b0   0x080039b0   0x0000000c   Code   RO          410    i.SPI_WIFI_Delay    es_wifi_io.o
    0x080039bc   0x080039bc   0x00000128   Code   RO          411    i.SPI_WIFI_Init     es_wifi_io.o
    0x08003ae4   0x08003ae4   0x00000154   Code   RO          412    i.SPI_WIFI_MspInit  es_wifi_io.o
    0x08003c38   0x08003c38   0x000000cc   Code   RO          413    i.SPI_WIFI_ReceiveData  es_wifi_io.o
    0x08003d04   0x08003d04   0x00000078   Code   RO          414    i.SPI_WIFI_SendData  es_wifi_io.o
    0x08003d7c   0x08003d7c   0x000000ea   Code   RO          942    i.SPI_WaitFifoStateUntilTimeout  stm32l4xx_hal_spi.o
    0x08003e66   0x08003e66   0x00000002   PAD
    0x08003e68   0x08003e68   0x000000de   Code   RO          943    i.SPI_WaitFlagStateUntilTimeout  stm32l4xx_hal_spi.o
    0x08003f46   0x08003f46   0x00000002   Code   RO          746    i.SVC_Handler       stm32l4xx_it.o
    0x08003f48   0x08003f48   0x00000008   Code   RO          747    i.SysTick_Handler   stm32l4xx_it.o
    0x08003f50   0x08003f50   0x00000094   Code   RO          657    i.SystemClock_Config  main.o
    0x08003fe4   0x08003fe4   0x00000050   Code   RO         4689    i.SystemInit        system_stm32l4xx.o
    0x08004034   0x08004034   0x000000cc   Code   RO         3321    i.TIM_Base_SetConfig  stm32l4xx_hal_tim.o
    0x08004100   0x08004100   0x00000022   Code   RO         3322    i.TIM_CCxChannelCmd  stm32l4xx_hal_tim.o
    0x08004122   0x08004122   0x00000068   Code   RO         3325    i.TIM_DMADelayPulseCplt  stm32l4xx_hal_tim.o
    0x0800418a   0x0800418a   0x00000040   Code   RO         3326    i.TIM_DMADelayPulseHalfCplt  stm32l4xx_hal_tim.o
    0x080041ca   0x080041ca   0x0000005e   Code   RO         3327    i.TIM_DMAError      stm32l4xx_hal_tim.o
    0x08004228   0x08004228   0x000000ac   Code   RO         3334    i.TIM_OC1_SetConfig  stm32l4xx_hal_tim.o
    0x080042d4   0x080042d4   0x000000b4   Code   RO         3335    i.TIM_OC2_SetConfig  stm32l4xx_hal_tim.o
    0x08004388   0x08004388   0x000000b4   Code   RO         3336    i.TIM_OC3_SetConfig  stm32l4xx_hal_tim.o
    0x0800443c   0x0800443c   0x00000074   Code   RO         3337    i.TIM_OC4_SetConfig  stm32l4xx_hal_tim.o
    0x080044b0   0x080044b0   0x00000070   Code   RO         3338    i.TIM_OC5_SetConfig  stm32l4xx_hal_tim.o
    0x08004520   0x08004520   0x00000070   Code   RO         3339    i.TIM_OC6_SetConfig  stm32l4xx_hal_tim.o
    0x08004590   0x08004590   0x000000f8   Code   RO         4280    i.UART_AdvFeatureConfig  stm32l4xx_hal_uart.o
    0x08004688   0x08004688   0x0000006e   Code   RO         4281    i.UART_CheckIdleState  stm32l4xx_hal_uart.o
    0x080046f6   0x080046f6   0x00000002   PAD
    0x080046f8   0x080046f8   0x0000037e   Code   RO         4297    i.UART_SetConfig    stm32l4xx_hal_uart.o
    0x08004a76   0x08004a76   0x000000b4   Code   RO         4300    i.UART_WaitOnFlagUntilTimeout  stm32l4xx_hal_uart.o
    0x08004b2a   0x08004b2a   0x00000004   Code   RO          748    i.UsageFault_Handler  stm32l4xx_it.o
    0x08004b2e   0x08004b2e   0x00000002   PAD
    0x08004b30   0x08004b30   0x00000030   Code   RO          526    i.WIFI_Connect      wifi.o
    0x08004b60   0x08004b60   0x0000001c   Code   RO          528    i.WIFI_GetIP_Address  wifi.o
    0x08004b7c   0x08004b7c   0x00000040   Code   RO          530    i.WIFI_Init         wifi.o
    0x08004bbc   0x08004bbc   0x00000064   Code   RO          533    i.WIFI_OpenClientConnection  wifi.o
    0x08004c20   0x08004c20   0x00000034   Code   RO          535    i.WIFI_ReceiveData  wifi.o
    0x08004c54   0x08004c54   0x00000028   Code   RO         4952    i.__0sprintf$8      mc_w.l(printf8.o)
    0x08004c7c   0x08004c7c   0x00000010   Code   RO         3032    i.__NVIC_GetPriorityGrouping  stm32l4xx_hal_cortex.o
    0x08004c8c   0x08004c8c   0x00000028   Code   RO         3033    i.__NVIC_SetPriority  stm32l4xx_hal_cortex.o
    0x08004cb4   0x08004cb4   0x0000000e   Code   RO         5054    i.__scatterload_copy  mc_w.l(handlers.o)
    0x08004cc2   0x08004cc2   0x00000002   Code   RO         5055    i.__scatterload_null  mc_w.l(handlers.o)
    0x08004cc4   0x08004cc4   0x0000000e   Code   RO         5056    i.__scatterload_zeroinit  mc_w.l(handlers.o)
    0x08004cd2   0x08004cd2   0x00000002   PAD
    0x08004cd4   0x08004cd4   0x0000040a   Code   RO         4957    i._printf_core      mc_w.l(printf8.o)
    0x080050de   0x080050de   0x00000024   Code   RO         4958    i._printf_post_padding  mc_w.l(printf8.o)
    0x08005102   0x08005102   0x0000002e   Code   RO         4959    i._printf_pre_padding  mc_w.l(printf8.o)
    0x08005130   0x08005130   0x0000000a   Code   RO         4961    i._sputc            mc_w.l(printf8.o)
    0x0800513a   0x0800513a   0x00000008   Code   RO          476    i.convert_to_16     packet_parser.o
    0x08005142   0x08005142   0x00000020   Code   RO          477    i.convert_to_32     packet_parser.o
    0x08005162   0x08005162   0x00000002   PAD
    0x08005164   0x08005164   0x00000238   Code   RO          658    i.main              main.o
    0x0800539c   0x0800539c   0x0000008c   Code   RO          478    i.parse_packet      packet_parser.o
    0x08005428   0x08005428   0x000000a0   Code   RO          659    i.setLEDcolor       main.o
    0x080054c8   0x080054c8   0x00000020   Code   RO          660    i.setWHOLEcolor     main.o
    0x080054e8   0x080054e8   0x00000004   Data   RO          662    .constdata          main.o
    0x080054ec   0x080054ec   0x00000048   Data   RO         4690    .constdata          system_stm32l4xx.o
    0x08005534   0x08005534   0x00000020   Data   RO         5052    Region$$Table       anon$$obj.o


    Execution Region RW_IRAM2 (Exec base: 0x10000000, Load base: 0x0800564c, Size: 0x00000000, Max: 0x00008000, ABSOLUTE)

    **** No section assigned to this execution region ****


    Execution Region RW_IRAM1 (Exec base: 0x20000000, Load base: 0x08005554, Size: 0x00001980, Max: 0x00018000, ABSOLUTE)

    Exec Addr    Load Addr    Size         Type   Attr      Idx    E Section Name        Object

    0x20000000   0x08005554   0x000000e4   Data   RW          663    .data               main.o
    0x200000e4   0x08005638   0x00000009   Data   RW         1274    .data               stm32l4xx_hal.o
    0x200000ed   0x08005641   0x00000003   PAD
    0x200000f0   0x08005644   0x00000004   Data   RW         4691    .data               system_stm32l4xx.o
    0x200000f4   0x08005648   0x00000004   Data   RW         4738    .data               mc_w.l(strtok.o)
    0x200000f8        -       0x00000064   Zero   RW          415    .bss                es_wifi_io.o
    0x2000015c        -       0x000006a8   Zero   RW          542    .bss                wifi.o
    0x20000804        -       0x00000d75   Zero   RW          661    .bss                main.o
    0x20001579   0x0800564c   0x00000007   PAD
    0x20001580        -       0x00000400   Zero   RW            1    STACK               startup_stm32l475xx.o


==============================================================================

Image component sizes


      Code (inc. data)   RO Data    RW Data    ZI Data      Debug   Object Name

      1568        200          0          0          0     848096   es_wifi.o
       988         56          0          0        100       5262   es_wifi_io.o
      1390        172          4        228       3445       7919   main.o
       180          0          0          0          0       3495   packet_parser.o
        36          8        392          0       1024        856   startup_stm32l475xx.o
       194         32          0          9          0      14553   stm32l4xx_hal.o
       318         22          0          0          0      34491   stm32l4xx_hal_cortex.o
       726         10          0          0          0       3695   stm32l4xx_hal_dma.o
       886         68          0          0          0       4610   stm32l4xx_hal_gpio.o
       644         78          0          0          0       4516   stm32l4xx_hal_msp.o
       156         18          0          0          0       1398   stm32l4xx_hal_pwr_ex.o
      2644        106          0          0          0       7492   stm32l4xx_hal_rcc.o
      1988         48          0          0          0       4020   stm32l4xx_hal_rcc_ex.o
      2604         12          0          0          0      10047   stm32l4xx_hal_spi.o
      2516        232          0          0          0      13435   stm32l4xx_hal_tim.o
       192         26          0          0          0       1400   stm32l4xx_hal_tim_ex.o
      1764         56          0          0          0       6321   stm32l4xx_hal_uart.o
        50          6          0          0          0       4937   stm32l4xx_it.o
        80         12         72          4          0       1297   system_stm32l4xx.o
       292         44          0          0       1704       5707   wifi.o

    ----------------------------------------------------------------------
     19242       1206        500        244       6280     983547   Object Totals
         0          0         32          0          0          0   (incl. Generated)
        26          0          0          3          7          0   (incl. Padding)

    ----------------------------------------------------------------------

      Code (inc. data)   RO Data    RW Data    ZI Data      Debug   Library Member Name

         0          0          0          0          0          0   entry.o
         0          0          0          0          0          0   entry10a.o
         0          0          0          0          0          0   entry11a.o
         4          0          0          0          0          0   entry12b.o
         8          4          0          0          0          0   entry2.o
         4          0          0          0          0          0   entry5.o
         0          0          0          0          0          0   entry7b.o
         0          0          0          0          0          0   entry8b.o
         8          4          0          0          0          0   entry9a.o
        30          0          0          0          0          0   handlers.o
        36          8          0          0          0         68   init.o
         0          0          0          0          0          0   iusefp.o
        30          0          0          0          0         68   llshl.o
        32          0          0          0          0         68   llushr.o
        36          0          0          0          0        108   memseta.o
      1166         50          0          0          0        420   printf8.o
        14          0          0          0          0         68   strlen.o
        24          0          0          0          0         76   strncpy.o
        36          0          0          0          0         80   strstr.o
        68          6          0          4          0         80   strtok.o
       104          0          0          0          0         92   uldiv.o
       186          0          0          0          0        176   depilogue.o
        50          0          0          0          0         76   dfixui.o
        26          0          0          0          0         76   dfltui.o
       234          0          0          0          0         96   dmul.o

    ----------------------------------------------------------------------
      2102         72          0          4          0       1552   Library Totals
         6          0          0          0          0          0   (incl. Padding)

    ----------------------------------------------------------------------

      Code (inc. data)   RO Data    RW Data    ZI Data      Debug   Library Name

      1600         72          0          4          0       1128   mc_w.l
       496          0          0          0          0        424   mf_w.l

    ----------------------------------------------------------------------
      2102         72          0          4          0       1552   Library Totals

    ----------------------------------------------------------------------

==============================================================================


      Code (inc. data)   RO Data    RW Data    ZI Data      Debug   

     21344       1278        500        248       6280     973423   Grand Totals
     21344       1278        500        248       6280     973423   ELF Image Totals
     21344       1278        500        248          0          0   ROM Totals

==============================================================================

    Total RO  Size (Code + RO Data)                21844 (  21.33kB)
    Total RW  Size (RW Data + ZI Data)              6528 (   6.38kB)
    Total ROM Size (Code + RO Data + RW Data)      22092 (  21.57kB)

==============================================================================

